Archive member included to satisfy reference by file (symbol)

c:/st/stm32cubeide_1.8.0/stm32cubeide/plugins/com.st.stm32cube.ide.mcu.externaltools.gnu-tools-for-stm32.9-2020-q2-update.win32_2.0.0.202105311346/tools/bin/../lib/gcc/arm-none-eabi/9.3.1/../../../../arm-none-eabi/lib/thumb/v7e-m+fp/hard\libc_nano.a(lib_a-errno.o)
                              ./Src/syscalls.o (__errno)
c:/st/stm32cubeide_1.8.0/stm32cubeide/plugins/com.st.stm32cube.ide.mcu.externaltools.gnu-tools-for-stm32.9-2020-q2-update.win32_2.0.0.202105311346/tools/bin/../lib/gcc/arm-none-eabi/9.3.1/../../../../arm-none-eabi/lib/thumb/v7e-m+fp/hard\libc_nano.a(lib_a-exit.o)
                              c:/st/stm32cubeide_1.8.0/stm32cubeide/plugins/com.st.stm32cube.ide.mcu.externaltools.gnu-tools-for-stm32.9-2020-q2-update.win32_2.0.0.202105311346/tools/bin/../lib/gcc/arm-none-eabi/9.3.1/../../../../arm-none-eabi/lib/thumb/v7e-m+fp/hard/crt0.o (exit)
c:/st/stm32cubeide_1.8.0/stm32cubeide/plugins/com.st.stm32cube.ide.mcu.externaltools.gnu-tools-for-stm32.9-2020-q2-update.win32_2.0.0.202105311346/tools/bin/../lib/gcc/arm-none-eabi/9.3.1/../../../../arm-none-eabi/lib/thumb/v7e-m+fp/hard\libc_nano.a(lib_a-impure.o)
                              c:/st/stm32cubeide_1.8.0/stm32cubeide/plugins/com.st.stm32cube.ide.mcu.externaltools.gnu-tools-for-stm32.9-2020-q2-update.win32_2.0.0.202105311346/tools/bin/../lib/gcc/arm-none-eabi/9.3.1/../../../../arm-none-eabi/lib/thumb/v7e-m+fp/hard\libc_nano.a(lib_a-exit.o) (_global_impure_ptr)
c:/st/stm32cubeide_1.8.0/stm32cubeide/plugins/com.st.stm32cube.ide.mcu.externaltools.gnu-tools-for-stm32.9-2020-q2-update.win32_2.0.0.202105311346/tools/bin/../lib/gcc/arm-none-eabi/9.3.1/../../../../arm-none-eabi/lib/thumb/v7e-m+fp/hard\libc_nano.a(lib_a-init.o)
                              c:/st/stm32cubeide_1.8.0/stm32cubeide/plugins/com.st.stm32cube.ide.mcu.externaltools.gnu-tools-for-stm32.9-2020-q2-update.win32_2.0.0.202105311346/tools/bin/../lib/gcc/arm-none-eabi/9.3.1/../../../../arm-none-eabi/lib/thumb/v7e-m+fp/hard/crt0.o (__libc_init_array)
c:/st/stm32cubeide_1.8.0/stm32cubeide/plugins/com.st.stm32cube.ide.mcu.externaltools.gnu-tools-for-stm32.9-2020-q2-update.win32_2.0.0.202105311346/tools/bin/../lib/gcc/arm-none-eabi/9.3.1/../../../../arm-none-eabi/lib/thumb/v7e-m+fp/hard\libc_nano.a(lib_a-memset.o)
                              c:/st/stm32cubeide_1.8.0/stm32cubeide/plugins/com.st.stm32cube.ide.mcu.externaltools.gnu-tools-for-stm32.9-2020-q2-update.win32_2.0.0.202105311346/tools/bin/../lib/gcc/arm-none-eabi/9.3.1/../../../../arm-none-eabi/lib/thumb/v7e-m+fp/hard/crt0.o (memset)
c:/st/stm32cubeide_1.8.0/stm32cubeide/plugins/com.st.stm32cube.ide.mcu.externaltools.gnu-tools-for-stm32.9-2020-q2-update.win32_2.0.0.202105311346/tools/bin/../lib/gcc/arm-none-eabi/9.3.1/../../../../arm-none-eabi/lib/thumb/v7e-m+fp/hard\libc_nano.a(lib_a-printf.o)
                              ./Src/HighScore.o (printf)
c:/st/stm32cubeide_1.8.0/stm32cubeide/plugins/com.st.stm32cube.ide.mcu.externaltools.gnu-tools-for-stm32.9-2020-q2-update.win32_2.0.0.202105311346/tools/bin/../lib/gcc/arm-none-eabi/9.3.1/../../../../arm-none-eabi/lib/thumb/v7e-m+fp/hard\libc_nano.a(lib_a-putchar.o)
                              ./Src/ship.o (putchar)
c:/st/stm32cubeide_1.8.0/stm32cubeide/plugins/com.st.stm32cube.ide.mcu.externaltools.gnu-tools-for-stm32.9-2020-q2-update.win32_2.0.0.202105311346/tools/bin/../lib/gcc/arm-none-eabi/9.3.1/../../../../arm-none-eabi/lib/thumb/v7e-m+fp/hard\libc_nano.a(lib_a-setbuf.o)
                              ./Src/30010_io.o (setbuf)
c:/st/stm32cubeide_1.8.0/stm32cubeide/plugins/com.st.stm32cube.ide.mcu.externaltools.gnu-tools-for-stm32.9-2020-q2-update.win32_2.0.0.202105311346/tools/bin/../lib/gcc/arm-none-eabi/9.3.1/../../../../arm-none-eabi/lib/thumb/v7e-m+fp/hard\libc_nano.a(lib_a-setvbuf.o)
                              c:/st/stm32cubeide_1.8.0/stm32cubeide/plugins/com.st.stm32cube.ide.mcu.externaltools.gnu-tools-for-stm32.9-2020-q2-update.win32_2.0.0.202105311346/tools/bin/../lib/gcc/arm-none-eabi/9.3.1/../../../../arm-none-eabi/lib/thumb/v7e-m+fp/hard\libc_nano.a(lib_a-setbuf.o) (setvbuf)
c:/st/stm32cubeide_1.8.0/stm32cubeide/plugins/com.st.stm32cube.ide.mcu.externaltools.gnu-tools-for-stm32.9-2020-q2-update.win32_2.0.0.202105311346/tools/bin/../lib/gcc/arm-none-eabi/9.3.1/../../../../arm-none-eabi/lib/thumb/v7e-m+fp/hard\libc_nano.a(lib_a-sprintf.o)
                              ./Src/lcd_write.o (sprintf)
c:/st/stm32cubeide_1.8.0/stm32cubeide/plugins/com.st.stm32cube.ide.mcu.externaltools.gnu-tools-for-stm32.9-2020-q2-update.win32_2.0.0.202105311346/tools/bin/../lib/gcc/arm-none-eabi/9.3.1/../../../../arm-none-eabi/lib/thumb/v7e-m+fp/hard\libc_nano.a(lib_a-strcat.o)
                              ./Src/lcd_write.o (strcat)
[...]
Memory Configuration

Name             Origin             Length             Attributes
RAM              0x0000000020000000 0x0000000000004000 xrw
ROM              0x0000000008000000 0x0000000000010000 xr
*default*        0x0000000000000000 0xffffffffffffffff

Linker script and memory map

LOAD c:/st/stm32cubeide_1.8.0/stm32cubeide/plugins/com.st.stm32cube.ide.mcu.externaltools.gnu-tools-for-stm32.9-2020-q2-update.win32_2.0.0.202105311346/tools/bin/../lib/gcc/arm-none-eabi/9.3.1/thumb/v7e-m+fp/hard/crti.o
LOAD c:/st/stm32cubeide_1.8.0/stm32cubeide/plugins/com.st.stm32cube.ide.mcu.externaltools.gnu-tools-for-stm32.9-2020-q2-update.win32_2.0.0.202105311346/tools/bin/../lib/gcc/arm-none-eabi/9.3.1/thumb/v7e-m+fp/hard/crtbegin.o
LOAD c:/st/stm32cubeide_1.8.0/stm32cubeide/plugins/com.st.stm32cube.ide.mcu.externaltools.gnu-tools-for-stm32.9-2020-q2-update.win32_2.0.0.202105311346/tools/bin/../lib/gcc/arm-none-eabi/9.3.1/../../../../arm-none-eabi/lib/thumb/v7e-m+fp/hard/crt0.o
LOAD ./SPL/src/stm32f30x_adc.o
LOAD ./SPL/src/stm32f30x_can.o
LOAD ./SPL/src/stm32f30x_comp.o
LOAD ./SPL/src/stm32f30x_crc.o
LOAD ./SPL/src/stm32f30x_dac.o
LOAD ./SPL/src/stm32f30x_dbgmcu.o
LOAD ./SPL/src/stm32f30x_dma.o
LOAD ./SPL/src/stm32f30x_exti.o
LOAD ./SPL/src/stm32f30x_flash.o
LOAD ./SPL/src/stm32f30x_gpio.o
LOAD ./SPL/src/stm32f30x_i2c.o
LOAD ./SPL/src/stm32f30x_iwdg.o
LOAD ./SPL/src/stm32f30x_misc.o
LOAD ./SPL/src/stm32f30x_opamp.o
LOAD ./SPL/src/stm32f30x_pwr.o
LOAD ./SPL/src/stm32f30x_rcc.o
LOAD ./SPL/src/stm32f30x_rtc.o
LOAD ./SPL/src/stm32f30x_spi.o
LOAD ./SPL/src/stm32f30x_syscfg.o
LOAD ./SPL/src/stm32f30x_tim.o
LOAD ./SPL/src/stm32f30x_usart.o
LOAD ./SPL/src/stm32f30x_wwdg.o
LOAD ./Src/30010_io.o
LOAD ./Src/ADC.o
LOAD ./Src/HighScore.o
LOAD ./Src/ansi.o
LOAD ./Src/charset.o
LOAD ./Src/clock.o
LOAD ./Src/lcd_write.o
LOAD ./Src/main.o
LOAD ./Src/menu.o
LOAD ./Src/screens.o
LOAD ./Src/ship.o
LOAD ./Src/sprites.o
LOAD ./Src/syscalls.o
LOAD ./Src/sysmem.o
LOAD ./Src/system_stm32f30x.o
LOAD ./Src/window.o
LOAD ./Startup/startup_stm32f302r8tx.o
START GROUP
LOAD c:/st/stm32cubeide_1.8.0/stm32cubeide/plugins/com.st.stm32cube.ide.mcu.externaltools.gnu-tools-for-stm32.9-2020-q2-update.win32_2.0.0.202105311346/tools/bin/../lib/gcc/arm-none-eabi/9.3.1/../../../../arm-none-eabi/lib/thumb/v7e-m+fp/hard\libc_nano.a
LOAD c:/st/stm32cubeide_1.8.0/stm32cubeide/plugins/com.st.stm32cube.ide.mcu.externaltools.gnu-tools-for-stm32.9-2020-q2-update.win32_2.0.0.202105311346/tools/bin/../lib/gcc/arm-none-eabi/9.3.1/../../../../arm-none-eabi/lib/thumb/v7e-m+fp/hard\libm.a
END GROUP
START GROUP
LOAD c:/st/stm32cubeide_1.8.0/stm32cubeide/plugins/com.st.stm32cube.ide.mcu.externaltools.gnu-tools-for-stm32.9-2020-q2-update.win32_2.0.0.202105311346/tools/bin/../lib/gcc/arm-none-eabi/9.3.1/thumb/v7e-m+fp/hard\libgcc.a
LOAD c:/st/stm32cubeide_1.8.0/stm32cubeide/plugins/com.st.stm32cube.ide.mcu.externaltools.gnu-tools-for-stm32.9-2020-q2-update.win32_2.0.0.202105311346/tools/bin/../lib/gcc/arm-none-eabi/9.3.1/../../../../arm-none-eabi/lib/thumb/v7e-m+fp/hard\libc_nano.a
END GROUP
START GROUP
LOAD c:/st/stm32cubeide_1.8.0/stm32cubeide/plugins/com.st.stm32cube.ide.mcu.externaltools.gnu-tools-for-stm32.9-2020-q2-update.win32_2.0.0.202105311346/tools/bin/../lib/gcc/arm-none-eabi/9.3.1/thumb/v7e-m+fp/hard\libgcc.a
LOAD c:/st/stm32cubeide_1.8.0/stm32cubeide/plugins/com.st.stm32cube.ide.mcu.externaltools.gnu-tools-for-stm32.9-2020-q2-update.win32_2.0.0.202105311346/tools/bin/../lib/gcc/arm-none-eabi/9.3.1/../../../../arm-none-eabi/lib/thumb/v7e-m+fp/hard\libc_nano.a
LOAD c:/st/stm32cubeide_1.8.0/stm32cubeide/plugins/com.st.stm32cube.ide.mcu.externaltools.gnu-tools-for-stm32.9-2020-q2-update.win32_2.0.0.202105311346/tools/bin/../lib/gcc/arm-none-eabi/9.3.1/../../../../arm-none-eabi/lib/thumb/v7e-m+fp/hard\libnosys.a
END GROUP
START GROUP
LOAD c:/st/stm32cubeide_1.8.0/stm32cubeide/plugins/com.st.stm32cube.ide.mcu.externaltools.gnu-tools-for-stm32.9-2020-q2-update.win32_2.0.0.202105311346/tools/bin/../lib/gcc/arm-none-eabi/9.3.1/thumb/v7e-m+fp/hard\libgcc.a
LOAD c:/st/stm32cubeide_1.8.0/stm32cubeide/plugins/com.st.stm32cube.ide.mcu.externaltools.gnu-tools-for-stm32.9-2020-q2-update.win32_2.0.0.202105311346/tools/bin/../lib/gcc/arm-none-eabi/9.3.1/../../../../arm-none-eabi/lib/thumb/v7e-m+fp/hard\libc_nano.a
LOAD c:/st/stm32cubeide_1.8.0/stm32cubeide/plugins/com.st.stm32cube.ide.mcu.externaltools.gnu-tools-for-stm32.9-2020-q2-update.win32_2.0.0.202105311346/tools/bin/../lib/gcc/arm-none-eabi/9.3.1/../../../../arm-none-eabi/lib/thumb/v7e-m+fp/hard\libnosys.a
END GROUP
LOAD c:/st/stm32cubeide_1.8.0/stm32cubeide/plugins/com.st.stm32cube.ide.mcu.externaltools.gnu-tools-for-stm32.9-2020-q2-update.win32_2.0.0.202105311346/tools/bin/../lib/gcc/arm-none-eabi/9.3.1/thumb/v7e-m+fp/hard/crtend.o
LOAD c:/st/stm32cubeide_1.8.0/stm32cubeide/plugins/com.st.stm32cube.ide.mcu.externaltools.gnu-tools-for-stm32.9-2020-q2-update.win32_2.0.0.202105311346/tools/bin/../lib/gcc/arm-none-eabi/9.3.1/thumb/v7e-m+fp/hard/crtn.o
                0x0000000020004000                _estack = (ORIGIN (RAM) + LENGTH (RAM))
                0x0000000000000200                _Min_Heap_Size = 0x200
                0x0000000000000400                _Min_Stack_Size = 0x400

.isr_vector     0x0000000008000000      0x188
                0x0000000008000000                . = ALIGN (0x4)
 *(.isr_vector)
 .isr_vector    0x0000000008000000      0x188 ./Startup/startup_stm32f302r8tx.o
                0x0000000008000000                g_pfnVectors
                0x0000000008000188                . = ALIGN (0x4)

.text           0x0000000008000190     0x3694
                0x0000000008000190                . = ALIGN (0x4)
 *(.text)
 .text          0x0000000008000190       0x40 c:/st/stm32cubeide_1.8.0/stm32cubeide/plugins/com.st.stm32cube.ide.mcu.externaltools.gnu-tools-for-stm32.9-2020-q2-update.win32_2.0.0.202105311346/tools/bin/../lib/gcc/arm-none-eabi/9.3.1/thumb/v7e-m+fp/hard/crtbegin.o
 .text          0x00000000080001d0       0x10 c:/st/stm32cubeide_1.8.0/stm32cubeide/plugins/com.st.stm32cube.ide.mcu.externaltools.gnu-tools-for-stm32.9-2020-q2-update.win32_2.0.0.202105311346/tools/bin/../lib/gcc/arm-none-eabi/9.3.1/../../../../arm-none-eabi/lib/thumb/v7e-m+fp/hard\libc_nano.a(lib_a-strlen.o)
                0x00000000080001d0                strlen
 .text          0x00000000080001e0       0xa0 c:/st/stm32cubeide_1.8.0/stm32cubeide/plugins/com.st.stm32cube.ide.mcu.externaltools.gnu-tools-for-stm32.9-2020-q2-update.win32_2.0.0.202105311346/tools/bin/../lib/gcc/arm-none-eabi/9.3.1/../../../../arm-none-eabi/lib/thumb/v7e-m+fp/hard\libc_nano.a(lib_a-memchr.o)
                0x00000000080001e0                memchr
 *(.text*)
 .text.ADC_RegularChannelConfig
                0x0000000008000280      0x1f0 ./SPL/src/stm32f30x_adc.o
                0x0000000008000280                ADC_RegularChannelConfig
 .text.ADC_StartConversion
                0x0000000008000470       0x20 ./SPL/src/stm32f30x_adc.o
                0x0000000008000470                ADC_StartConversion
 .text.ADC_GetConversionValue
                0x0000000008000490       0x1a ./SPL/src/stm32f30x_adc.o
                0x0000000008000490                ADC_GetConversionValue
 .text.ADC_GetFlagStatus
                0x00000000080004aa       0x32 ./SPL/src/stm32f30x_adc.o
                0x00000000080004aa                ADC_GetFlagStatus
 .text.RCC_GetClocksFreq
                0x00000000080004dc      0x428 ./SPL/src/stm32f30x_rcc.o
                0x00000000080004dc                RCC_GetClocksFreq
 .text.SPI_SendData8
                0x0000000008000904       0x2c ./SPL/src/stm32f30x_spi.o
                0x0000000008000904                SPI_SendData8
 .text.SPI_I2S_GetFlagStatus
                0x0000000008000930       0x38 ./SPL/src/stm32f30x_spi.o
                0x0000000008000930                SPI_I2S_GetFlagStatus
 .text.USART_SendData
                0x0000000008000968       0x24 ./SPL/src/stm32f30x_usart.o
                0x0000000008000968                USART_SendData
 .text.USART_ITConfig
                0x000000000800098c       0x84 ./SPL/src/stm32f30x_usart.o
                0x000000000800098c                USART_ITConfig
 .text.USART_GetFlagStatus
                0x0000000008000a10       0x32 ./SPL/src/stm32f30x_usart.o
                0x0000000008000a10                USART_GetFlagStatus
 .text.USART_GetITStatus
                0x0000000008000a42       0xa0 ./SPL/src/stm32f30x_usart.o
                0x0000000008000a42                USART_GetITStatus
 *fill*         0x0000000008000ae2        0x2 
 .text.NVIC_EnableIRQ
                0x0000000008000ae4       0x34 ./Src/30010_io.o
 .text.uart_put_char
                0x0000000008000b18       0x34 ./Src/30010_io.o
                0x0000000008000b18                uart_put_char
 .text._write_r
                0x0000000008000b4c       0x4c ./Src/30010_io.o
                0x0000000008000b4c                _write_r
 .text.USART2_IRQHandler
                0x0000000008000b98       0x74 ./Src/30010_io.o
                0x0000000008000b98                USART2_IRQHandler
 .text.uart_init
                0x0000000008000c0c      0x234 ./Src/30010_io.o
                0x0000000008000c0c                uart_init
 .text.lcd_transmit_byte
                0x0000000008000e40       0x64 ./Src/30010_io.o
                0x0000000008000e40                lcd_transmit_byte
 .text.lcd_push_buffer
                0x0000000008000ea4      0x186 ./Src/30010_io.o
                0x0000000008000ea4                lcd_push_buffer
 *fill*         0x000000000800102a        0x2 
 .text.lcd_reset
                0x000000000800102c       0xe0 ./Src/30010_io.o
                0x000000000800102c                lcd_reset
 .text.lcd_init
                0x000000000800110c      0x2b8 ./Src/30010_io.o
                0x000000000800110c                lcd_init
 .text.ADC_init
                0x00000000080013c4      0x160 ./Src/ADC.o
                0x00000000080013c4                ADC_init
 .text.ADC_config
                0x0000000008001524       0x20 ./Src/ADC.o
                0x0000000008001524                ADC_config
 .text.ADC_measure
                0x0000000008001544       0x70 ./Src/ADC.o
                0x0000000008001544                ADC_measure
 .text.hs_menu  0x00000000080015b4       0xec ./Src/HighScore.o
                0x00000000080015b4                hs_menu
 .text.clrscr   0x00000000080016a0       0x24 ./Src/ansi.o
                0x00000000080016a0                clrscr
 .text.NVIC_EnableIRQ
                0x00000000080016c4       0x34 ./Src/clock.o
 .text.NVIC_SetPriority
                0x00000000080016f8       0x54 ./Src/clock.o
 .text.clock_init
                0x000000000800174c       0x4c ./Src/clock.o
                0x000000000800174c                clock_init
 .text.TIM1_BRK_TIM15_IRQHandler
                0x0000000008001798       0x70 ./Src/clock.o
                0x0000000008001798                TIM1_BRK_TIM15_IRQHandler
 .text.lcd_lut  0x0000000008001808       0x34 ./Src/lcd_write.o
                0x0000000008001808                lcd_lut
 .text.clear_lcd
                0x000000000800183c       0x1c ./Src/lcd_write.o
                0x000000000800183c                clear_lcd
 .text.lcd_write_string
                0x0000000008001858       0xa0 ./Src/lcd_write.o
                0x0000000008001858                lcd_write_string
 .text.main     0x00000000080018f8      0x20c ./Src/main.o
                0x00000000080018f8                main
 .text.PrintText
                0x0000000008001b04       0x68 ./Src/menu.o
                0x0000000008001b04                PrintText
 .text.menu     0x0000000008001b6c       0xa4 ./Src/menu.o
                0x0000000008001b6c                menu
 .text.switch_screen
                0x0000000008001c10       0x64 ./Src/screens.o
                0x0000000008001c10                switch_screen
 .text.ship_vector
                0x0000000008001c74       0x62 ./Src/ship.o
                0x0000000008001c74                ship_vector
 *fill*         0x0000000008001cd6        0x2 
 .text.draw_ship
                0x0000000008001cd8       0xf8 ./Src/ship.o
                0x0000000008001cd8                draw_ship
 .text.ship_1_sprite
                0x0000000008001dd0       0x54 ./Src/sprites.o
                0x0000000008001dd0                ship_1_sprite
 .text.ship_2_sprite
                0x0000000008001e24       0x54 ./Src/sprites.o
                0x0000000008001e24                ship_2_sprite
 .text.ship_3_sprite
                0x0000000008001e78       0x54 ./Src/sprites.o
                0x0000000008001e78                ship_3_sprite
 .text._read    0x0000000008001ecc       0x3a ./Src/syscalls.o
                0x0000000008001ecc                _read
 .text._close   0x0000000008001f06       0x18 ./Src/syscalls.o
                0x0000000008001f06                _close
 .text._fstat   0x0000000008001f1e       0x20 ./Src/syscalls.o
                0x0000000008001f1e                _fstat
 .text._isatty  0x0000000008001f3e       0x16 ./Src/syscalls.o
                0x0000000008001f3e                _isatty
 .text._lseek   0x0000000008001f54       0x1a ./Src/syscalls.o
                0x0000000008001f54                _lseek
 *fill*         0x0000000008001f6e        0x2 
 .text._sbrk    0x0000000008001f70       0x58 ./Src/sysmem.o
                0x0000000008001f70                _sbrk
 .text.SystemInit
                0x0000000008001fc8       0x94 ./Src/system_stm32f30x.o
                0x0000000008001fc8                SystemInit
 .text.SetSysClock
                0x000000000800205c       0x94 ./Src/system_stm32f30x.o
 .text.window   0x00000000080020f0       0xd0 ./Src/window.o
                0x00000000080020f0                window
 .text.box      0x00000000080021c0      0x100 ./Src/window.o
                0x00000000080021c0                box
 .text.Reset_Handler
                0x00000000080022c0       0x50 ./Startup/startup_stm32f302r8tx.o
                0x00000000080022c0                Reset_Handler
 .text.Default_Handler
                0x0000000008002310        0x2 ./Startup/startup_stm32f302r8tx.o
                0x0000000008002310                TIM8_TRG_COM_IRQHandler
                0x0000000008002310                TIM8_CC_IRQHandler
                0x0000000008002310                DebugMon_Handler
                0x0000000008002310                DMA1_CH4_IRQHandler
                0x0000000008002310                TIM1_CC_IRQHandler
                0x0000000008002310                HardFault_Handler
                0x0000000008002310                USB_HP_IRQHandler
                0x0000000008002310                I2C2_EV_EXTI24_IRQHandler
                0x0000000008002310                SysTick_Handler
                0x0000000008002310                USB_WKUP_EXTI_IRQHandler
                0x0000000008002310                PVD_IRQHandler
                0x0000000008002310                UART4_EXTI34_IRQHandler
                0x0000000008002310                TAMP_STAMP_IRQHandler
                0x0000000008002310                PendSV_Handler
                0x0000000008002310                NMI_Handler
                0x0000000008002310                EXTI3_IRQHandler
                0x0000000008002310                TIM6_DACUNDER_IRQHandler
                0x0000000008002310                USB_HP_CAN_TX_IRQHandler
                0x0000000008002310                EXTI0_IRQHandler
                0x0000000008002310                DMA2_CH1_IRQHandler
                0x0000000008002310                FPU_IRQHandler
                0x0000000008002310                TIM1_UP_TIM16_IRQHandler
                0x0000000008002310                UsageFault_Handler
                0x0000000008002310                ADC1_2_IRQHandler
                0x0000000008002310                SPI1_IRQHandler
                0x0000000008002310                CAN_SCE_IRQHandler
                0x0000000008002310                DMA1_CH7_IRQHandler
                0x0000000008002310                TIM8_UP_IRQHandler
                0x0000000008002310                DMA1_CH6_IRQHandler
                0x0000000008002310                ADC3_IRQHandler
                0x0000000008002310                TIM4_IRQHandler
                0x0000000008002310                CAN_RX1_IRQHandler
                0x0000000008002310                USART1_EXTI25_IRQHandler
                0x0000000008002310                DMA2_CH5_IRQHandler
                0x0000000008002310                I2C1_EV_EXTI23_IRQHandler
                0x0000000008002310                DMA1_CH3_IRQHandler
                0x0000000008002310                TIM3_IRQHandler
                0x0000000008002310                RCC_IRQHandler
                0x0000000008002310                Default_Handler
                0x0000000008002310                EXTI15_10_IRQHandler
                0x0000000008002310                USART2_EXTI26_IRQHandler
                0x0000000008002310                USART3_EXTI28_IRQHandler
                0x0000000008002310                TIM7_IRQHandler
                0x0000000008002310                EXTI9_5_IRQHandler
                0x0000000008002310                DMA1_CH2_IRQHandler
                0x0000000008002310                RTC_WKUP_IRQHandler
                0x0000000008002310                SPI2_IRQHandler
                0x0000000008002310                DMA1_CH1_IRQHandler
                0x0000000008002310                USB_LP_CAN_RX0_IRQHandler
                0x0000000008002310                MemManage_Handler
                0x0000000008002310                SVC_Handler
                0x0000000008002310                USB_LP_IRQHandler
                0x0000000008002310                EXTI4_IRQHandler
                0x0000000008002310                TIM1_TRG_COM_TIM17_IRQHandler
                0x0000000008002310                ADC4_IRQHandler
                0x0000000008002310                WWDG_IRQHandler
                0x0000000008002310                TIM2_IRQHandler
                0x0000000008002310                EXTI1_IRQHandler
                0x0000000008002310                RTCAlarm_IRQHandler
                0x0000000008002310                UART5_EXTI35_IRQHandler
                0x0000000008002310                I2C2_ER_IRQHandler
                0x0000000008002310                TIM8_BRK_IRQHandler
                0x0000000008002310                FLASH_IRQHandler
                0x0000000008002310                BusFault_Handler
                0x0000000008002310                SPI3_IRQHandler
                0x0000000008002310                DMA2_CH3_IRQHandler
                0x0000000008002310                DMA2_CH2_IRQHandler
                0x0000000008002310                I2C1_ER_IRQHandler
                0x0000000008002310                FMC_IRQHandler
                0x0000000008002310                DMA1_CH5_IRQHandler
                0x0000000008002310                DMA2_CH4_IRQHandler
                0x0000000008002310                USB_WKUP_IRQHandler
                0x0000000008002310                EXTI2_TSC_IRQHandler
 *fill*         0x0000000008002312        0x2 
 .text.__errno  0x0000000008002314        0xc c:/st/stm32cubeide_1.8.0/stm32cubeide/plugins/com.st.stm32cube.ide.mcu.externaltools.gnu-tools-for-stm32.9-2020-q2-update.win32_2.0.0.202105311346/tools/bin/../lib/gcc/arm-none-eabi/9.3.1/../../../../arm-none-eabi/lib/thumb/v7e-m+fp/hard\libc_nano.a(lib_a-errno.o)
                0x0000000008002314                __errno
 .text.__libc_init_array
                0x0000000008002320       0x48 c:/st/stm32cubeide_1.8.0/stm32cubeide/plugins/com.st.stm32cube.ide.mcu.externaltools.gnu-tools-for-stm32.9-2020-q2-update.win32_2.0.0.202105311346/tools/bin/../lib/gcc/arm-none-eabi/9.3.1/../../../../arm-none-eabi/lib/thumb/v7e-m+fp/hard\libc_nano.a(lib_a-init.o)
                0x0000000008002320                __libc_init_array
 .text.memset   0x0000000008002368       0x10 c:/st/stm32cubeide_1.8.0/stm32cubeide/plugins/com.st.stm32cube.ide.mcu.externaltools.gnu-tools-for-stm32.9-2020-q2-update.win32_2.0.0.202105311346/tools/bin/../lib/gcc/arm-none-eabi/9.3.1/../../../../arm-none-eabi/lib/thumb/v7e-m+fp/hard\libc_nano.a(lib_a-memset.o)
                0x0000000008002368                memset
 .text.printf   0x0000000008002378       0x30 c:/st/stm32cubeide_1.8.0/stm32cubeide/plugins/com.st.stm32cube.ide.mcu.externaltools.gnu-tools-for-stm32.9-2020-q2-update.win32_2.0.0.202105311346/tools/bin/../lib/gcc/arm-none-eabi/9.3.1/../../../../arm-none-eabi/lib/thumb/v7e-m+fp/hard\libc_nano.a(lib_a-printf.o)
                0x0000000008002378                iprintf
                0x0000000008002378                printf
 .text.putchar  0x00000000080023a8       0x2c c:/st/stm32cubeide_1.8.0/stm32cubeide/plugins/com.st.stm32cube.ide.mcu.externaltools.gnu-tools-for-stm32.9-2020-q2-update.win32_2.0.0.202105311346/tools/bin/../lib/gcc/arm-none-eabi/9.3.1/../../../../arm-none-eabi/lib/thumb/v7e-m+fp/hard\libc_nano.a(lib_a-putchar.o)
                0x00000000080023a8                putchar
 .text.setbuf   0x00000000080023d4       0x10 c:/st/stm32cubeide_1.8.0/stm32cubeide/plugins/com.st.stm32cube.ide.mcu.externaltools.gnu-tools-for-stm32.9-2020-q2-update.win32_2.0.0.202105311346/tools/bin/../lib/gcc/arm-none-eabi/9.3.1/../../../../arm-none-eabi/lib/thumb/v7e-m+fp/hard\libc_nano.a(lib_a-setbuf.o)
                0x00000000080023d4                setbuf
 .text.setvbuf  0x00000000080023e4      0x18c c:/st/stm32cubeide_1.8.0/stm32cubeide/plugins/com.st.stm32cube.ide.mcu.externaltools.gnu-tools-for-stm32.9-2020-q2-update.win32_2.0.0.202105311346/tools/bin/../lib/gcc/arm-none-eabi/9.3.1/../../../../arm-none-eabi/lib/thumb/v7e-m+fp/hard\libc_nano.a(lib_a-setvbuf.o)
                0x00000000080023e4                setvbuf
 .text.sprintf  0x0000000008002570       0x40 c:/st/stm32cubeide_1.8.0/stm32cubeide/plugins/com.st.stm32cube.ide.mcu.externaltools.gnu-tools-for-stm32.9-2020-q2-update.win32_2.0.0.202105311346/tools/bin/../lib/gcc/arm-none-eabi/9.3.1/../../../../arm-none-eabi/lib/thumb/v7e-m+fp/hard\libc_nano.a(lib_a-sprintf.o)
                0x0000000008002570                siprintf
                0x0000000008002570                sprintf
 .text.__sflush_r
                0x00000000080025b0      0x10c c:/st/stm32cubeide_1.8.0/stm32cubeide/plugins/com.st.stm32cube.ide.mcu.externaltools.gnu-tools-for-stm32.9-2020-q2-update.win32_2.0.0.202105311346/tools/bin/../lib/gcc/arm-none-eabi/9.3.1/../../../../arm-none-eabi/lib/thumb/v7e-m+fp/hard\libc_nano.a(lib_a-fflush.o)
                0x00000000080025b0                __sflush_r
 .text._fflush_r
                0x00000000080026bc       0x78 c:/st/stm32cubeide_1.8.0/stm32cubeide/plugins/com.st.stm32cube.ide.mcu.externaltools.gnu-tools-for-stm32.9-2020-q2-update.win32_2.0.0.202105311346/tools/bin/../lib/gcc/arm-none-eabi/9.3.1/../../../../arm-none-eabi/lib/thumb/v7e-m+fp/hard\libc_nano.a(lib_a-fflush.o)
                0x00000000080026bc                _fflush_r
 .text.std      0x0000000008002734       0x48 c:/st/stm32cubeide_1.8.0/stm32cubeide/plugins/com.st.stm32cube.ide.mcu.externaltools.gnu-tools-for-stm32.9-2020-q2-update.win32_2.0.0.202105311346/tools/bin/../lib/gcc/arm-none-eabi/9.3.1/../../../../arm-none-eabi/lib/thumb/v7e-m+fp/hard\libc_nano.a(lib_a-findfp.o)
 .text._cleanup_r
                0x000000000800277c        0xc c:/st/stm32cubeide_1.8.0/stm32cubeide/plugins/com.st.stm32cube.ide.mcu.externaltools.gnu-tools-for-stm32.9-2020-q2-update.win32_2.0.0.202105311346/tools/bin/../lib/gcc/arm-none-eabi/9.3.1/../../../../arm-none-eabi/lib/thumb/v7e-m+fp/hard\libc_nano.a(lib_a-findfp.o)
                0x000000000800277c                _cleanup_r
 .text.__sfmoreglue
                0x0000000008002788       0x2c c:/st/stm32cubeide_1.8.0/stm32cubeide/plugins/com.st.stm32cube.ide.mcu.externaltools.gnu-tools-for-stm32.9-2020-q2-update.win32_2.0.0.202105311346/tools/bin/../lib/gcc/arm-none-eabi/9.3.1/../../../../arm-none-eabi/lib/thumb/v7e-m+fp/hard\libc_nano.a(lib_a-findfp.o)
                0x0000000008002788                __sfmoreglue
 .text.__sfp_lock_acquire
                0x00000000080027b4        0xc c:/st/stm32cubeide_1.8.0/stm32cubeide/plugins/com.st.stm32cube.ide.mcu.externaltools.gnu-tools-for-stm32.9-2020-q2-update.win32_2.0.0.202105311346/tools/bin/../lib/gcc/arm-none-eabi/9.3.1/../../../../arm-none-eabi/lib/thumb/v7e-m+fp/hard\libc_nano.a(lib_a-findfp.o)
                0x00000000080027b4                __sfp_lock_acquire
 .text.__sfp_lock_release
                0x00000000080027c0        0xc c:/st/stm32cubeide_1.8.0/stm32cubeide/plugins/com.st.stm32cube.ide.mcu.externaltools.gnu-tools-for-stm32.9-2020-q2-update.win32_2.0.0.202105311346/tools/bin/../lib/gcc/arm-none-eabi/9.3.1/../../../../arm-none-eabi/lib/thumb/v7e-m+fp/hard\libc_nano.a(lib_a-findfp.o)
                0x00000000080027c0                __sfp_lock_release
 .text.__sinit_lock_acquire
                0x00000000080027cc        0xc c:/st/stm32cubeide_1.8.0/stm32cubeide/plugins/com.st.stm32cube.ide.mcu.externaltools.gnu-tools-for-stm32.9-2020-q2-update.win32_2.0.0.202105311346/tools/bin/../lib/gcc/arm-none-eabi/9.3.1/../../../../arm-none-eabi/lib/thumb/v7e-m+fp/hard\libc_nano.a(lib_a-findfp.o)
                0x00000000080027cc                __sinit_lock_acquire
 .text.__sinit_lock_release
                0x00000000080027d8        0xc c:/st/stm32cubeide_1.8.0/stm32cubeide/plugins/com.st.stm32cube.ide.mcu.externaltools.gnu-tools-for-stm32.9-2020-q2-update.win32_2.0.0.202105311346/tools/bin/../lib/gcc/arm-none-eabi/9.3.1/../../../../arm-none-eabi/lib/thumb/v7e-m+fp/hard\libc_nano.a(lib_a-findfp.o)
                0x00000000080027d8                __sinit_lock_release
 .text.__sinit  0x00000000080027e4       0x70 c:/st/stm32cubeide_1.8.0/stm32cubeide/plugins/com.st.stm32cube.ide.mcu.externaltools.gnu-tools-for-stm32.9-2020-q2-update.win32_2.0.0.202105311346/tools/bin/../lib/gcc/arm-none-eabi/9.3.1/../../../../arm-none-eabi/lib/thumb/v7e-m+fp/hard\libc_nano.a(lib_a-findfp.o)
                0x00000000080027e4                __sinit
 .text.__sfp    0x0000000008002854       0x8c c:/st/stm32cubeide_1.8.0/stm32cubeide/plugins/com.st.stm32cube.ide.mcu.externaltools.gnu-tools-for-stm32.9-2020-q2-update.win32_2.0.0.202105311346/tools/bin/../lib/gcc/arm-none-eabi/9.3.1/../../../../arm-none-eabi/lib/thumb/v7e-m+fp/hard\libc_nano.a(lib_a-findfp.o)
                0x0000000008002854                __sfp
 .text._fwalk_reent
                0x00000000080028e0       0x3e c:/st/stm32cubeide_1.8.0/stm32cubeide/plugins/com.st.stm32cube.ide.mcu.externaltools.gnu-tools-for-stm32.9-2020-q2-update.win32_2.0.0.202105311346/tools/bin/../lib/gcc/arm-none-eabi/9.3.1/../../../../arm-none-eabi/lib/thumb/v7e-m+fp/hard\libc_nano.a(lib_a-fwalk.o)
                0x00000000080028e0                _fwalk_reent
 .text.__retarget_lock_init_recursive
                0x000000000800291e        0x2 c:/st/stm32cubeide_1.8.0/stm32cubeide/plugins/com.st.stm32cube.ide.mcu.externaltools.gnu-tools-for-stm32.9-2020-q2-update.win32_2.0.0.202105311346/tools/bin/../lib/gcc/arm-none-eabi/9.3.1/../../../../arm-none-eabi/lib/thumb/v7e-m+fp/hard\libc_nano.a(lib_a-lock.o)
                0x000000000800291e                __retarget_lock_init_recursive
 .text.__retarget_lock_acquire_recursive
                0x0000000008002920        0x2 c:/st/stm32cubeide_1.8.0/stm32cubeide/plugins/com.st.stm32cube.ide.mcu.externaltools.gnu-tools-for-stm32.9-2020-q2-update.win32_2.0.0.202105311346/tools/bin/../lib/gcc/arm-none-eabi/9.3.1/../../../../arm-none-eabi/lib/thumb/v7e-m+fp/hard\libc_nano.a(lib_a-lock.o)
                0x0000000008002920                __retarget_lock_acquire_recursive
 .text.__retarget_lock_release_recursive
                0x0000000008002922        0x2 c:/st/stm32cubeide_1.8.0/stm32cubeide/plugins/com.st.stm32cube.ide.mcu.externaltools.gnu-tools-for-stm32.9-2020-q2-update.win32_2.0.0.202105311346/tools/bin/../lib/gcc/arm-none-eabi/9.3.1/../../../../arm-none-eabi/lib/thumb/v7e-m+fp/hard\libc_nano.a(lib_a-lock.o)
                0x0000000008002922                __retarget_lock_release_recursive
 .text.__swhatbuf_r
                0x0000000008002924       0x48 c:/st/stm32cubeide_1.8.0/stm32cubeide/plugins/com.st.stm32cube.ide.mcu.externaltools.gnu-tools-for-stm32.9-2020-q2-update.win32_2.0.0.202105311346/tools/bin/../lib/gcc/arm-none-eabi/9.3.1/../../../../arm-none-eabi/lib/thumb/v7e-m+fp/hard\libc_nano.a(lib_a-makebuf.o)
                0x0000000008002924                __swhatbuf_r
 .text.__smakebuf_r
                0x000000000800296c       0x80 c:/st/stm32cubeide_1.8.0/stm32cubeide/plugins/com.st.stm32cube.ide.mcu.externaltools.gnu-tools-for-stm32.9-2020-q2-update.win32_2.0.0.202105311346/tools/bin/../lib/gcc/arm-none-eabi/9.3.1/../../../../arm-none-eabi/lib/thumb/v7e-m+fp/hard\libc_nano.a(lib_a-makebuf.o)
                0x000000000800296c                __smakebuf_r
 .text.malloc   0x00000000080029ec       0x10 c:/st/stm32cubeide_1.8.0/stm32cubeide/plugins/com.st.stm32cube.ide.mcu.externaltools.gnu-tools-for-stm32.9-2020-q2-update.win32_2.0.0.202105311346/tools/bin/../lib/gcc/arm-none-eabi/9.3.1/../../../../arm-none-eabi/lib/thumb/v7e-m+fp/hard\libc_nano.a(lib_a-malloc.o)
                0x00000000080029ec                malloc
 .text._free_r  0x00000000080029fc       0xa0 c:/st/stm32cubeide_1.8.0/stm32cubeide/plugins/com.st.stm32cube.ide.mcu.externaltools.gnu-tools-for-stm32.9-2020-q2-update.win32_2.0.0.202105311346/tools/bin/../lib/gcc/arm-none-eabi/9.3.1/../../../../arm-none-eabi/lib/thumb/v7e-m+fp/hard\libc_nano.a(lib_a-nano-freer.o)
                0x00000000080029fc                _free_r
 .text._malloc_r
                0x0000000008002a9c       0xb4 c:/st/stm32cubeide_1.8.0/stm32cubeide/plugins/com.st.stm32cube.ide.mcu.externaltools.gnu-tools-for-stm32.9-2020-q2-update.win32_2.0.0.202105311346/tools/bin/../lib/gcc/arm-none-eabi/9.3.1/../../../../arm-none-eabi/lib/thumb/v7e-m+fp/hard\libc_nano.a(lib_a-nano-mallocr.o)
                0x0000000008002a9c                _malloc_r
 .text.__ssputs_r
                0x0000000008002b50       0xb6 c:/st/stm32cubeide_1.8.0/stm32cubeide/plugins/com.st.stm32cube.ide.mcu.externaltools.gnu-tools-for-stm32.9-2020-q2-update.win32_2.0.0.202105311346/tools/bin/../lib/gcc/arm-none-eabi/9.3.1/../../../../arm-none-eabi/lib/thumb/v7e-m+fp/hard\libc_nano.a(lib_a-nano-svfprintf.o)
                0x0000000008002b50                __ssputs_r
 *fill*         0x0000000008002c06        0x2 
 .text._svfprintf_r
                0x0000000008002c08      0x200 c:/st/stm32cubeide_1.8.0/stm32cubeide/plugins/com.st.stm32cube.ide.mcu.externaltools.gnu-tools-for-stm32.9-2020-q2-update.win32_2.0.0.202105311346/tools/bin/../lib/gcc/arm-none-eabi/9.3.1/../../../../arm-none-eabi/lib/thumb/v7e-m+fp/hard\libc_nano.a(lib_a-nano-svfprintf.o)
                0x0000000008002c08                _svfiprintf_r
                0x0000000008002c08                _svfprintf_r
 .text.__sfputc_r
                0x0000000008002e08       0x2e c:/st/stm32cubeide_1.8.0/stm32cubeide/plugins/com.st.stm32cube.ide.mcu.externaltools.gnu-tools-for-stm32.9-2020-q2-update.win32_2.0.0.202105311346/tools/bin/../lib/gcc/arm-none-eabi/9.3.1/../../../../arm-none-eabi/lib/thumb/v7e-m+fp/hard\libc_nano.a(lib_a-nano-vfprintf.o)
 .text.__sfputs_r
                0x0000000008002e36       0x24 c:/st/stm32cubeide_1.8.0/stm32cubeide/plugins/com.st.stm32cube.ide.mcu.externaltools.gnu-tools-for-stm32.9-2020-q2-update.win32_2.0.0.202105311346/tools/bin/../lib/gcc/arm-none-eabi/9.3.1/../../../../arm-none-eabi/lib/thumb/v7e-m+fp/hard\libc_nano.a(lib_a-nano-vfprintf.o)
                0x0000000008002e36                __sfputs_r
 *fill*         0x0000000008002e5a        0x2 
 .text._vfprintf_r
                0x0000000008002e5c      0x260 c:/st/stm32cubeide_1.8.0/stm32cubeide/plugins/com.st.stm32cube.ide.mcu.externaltools.gnu-tools-for-stm32.9-2020-q2-update.win32_2.0.0.202105311346/tools/bin/../lib/gcc/arm-none-eabi/9.3.1/../../../../arm-none-eabi/lib/thumb/v7e-m+fp/hard\libc_nano.a(lib_a-nano-vfprintf.o)
                0x0000000008002e5c                _vfprintf_r
                0x0000000008002e5c                _vfiprintf_r
 .text._printf_common
                0x00000000080030bc       0xda c:/st/stm32cubeide_1.8.0/stm32cubeide/plugins/com.st.stm32cube.ide.mcu.externaltools.gnu-tools-for-stm32.9-2020-q2-update.win32_2.0.0.202105311346/tools/bin/../lib/gcc/arm-none-eabi/9.3.1/../../../../arm-none-eabi/lib/thumb/v7e-m+fp/hard\libc_nano.a(lib_a-nano-vfprintf_i.o)
                0x00000000080030bc                _printf_common
 *fill*         0x0000000008003196        0x2 
 .text._printf_i
                0x0000000008003198      0x24c c:/st/stm32cubeide_1.8.0/stm32cubeide/plugins/com.st.stm32cube.ide.mcu.externaltools.gnu-tools-for-stm32.9-2020-q2-update.win32_2.0.0.202105311346/tools/bin/../lib/gcc/arm-none-eabi/9.3.1/../../../../arm-none-eabi/lib/thumb/v7e-m+fp/hard\libc_nano.a(lib_a-nano-vfprintf_i.o)
                0x0000000008003198                _printf_i
 .text._putc_r  0x00000000080033e4       0x90 c:/st/stm32cubeide_1.8.0/stm32cubeide/plugins/com.st.stm32cube.ide.mcu.externaltools.gnu-tools-for-stm32.9-2020-q2-update.win32_2.0.0.202105311346/tools/bin/../lib/gcc/arm-none-eabi/9.3.1/../../../../arm-none-eabi/lib/thumb/v7e-m+fp/hard\libc_nano.a(lib_a-putc.o)
                0x00000000080033e4                _putc_r
 .text._sbrk_r  0x0000000008003474       0x20 c:/st/stm32cubeide_1.8.0/stm32cubeide/plugins/com.st.stm32cube.ide.mcu.externaltools.gnu-tools-for-stm32.9-2020-q2-update.win32_2.0.0.202105311346/tools/bin/../lib/gcc/arm-none-eabi/9.3.1/../../../../arm-none-eabi/lib/thumb/v7e-m+fp/hard\libc_nano.a(lib_a-sbrkr.o)
                0x0000000008003474                _sbrk_r
 .text.__sread  0x0000000008003494       0x22 c:/st/stm32cubeide_1.8.0/stm32cubeide/plugins/com.st.stm32cube.ide.mcu.externaltools.gnu-tools-for-stm32.9-2020-q2-update.win32_2.0.0.202105311346/tools/bin/../lib/gcc/arm-none-eabi/9.3.1/../../../../arm-none-eabi/lib/thumb/v7e-m+fp/hard\libc_nano.a(lib_a-stdio.o)
                0x0000000008003494                __sread
 .text.__swrite
                0x00000000080034b6       0x38 c:/st/stm32cubeide_1.8.0/stm32cubeide/plugins/com.st.stm32cube.ide.mcu.externaltools.gnu-tools-for-stm32.9-2020-q2-update.win32_2.0.0.202105311346/tools/bin/../lib/gcc/arm-none-eabi/9.3.1/../../../../arm-none-eabi/lib/thumb/v7e-m+fp/hard\libc_nano.a(lib_a-stdio.o)
                0x00000000080034b6                __swrite
 .text.__sseek  0x00000000080034ee       0x24 c:/st/stm32cubeide_1.8.0/stm32cubeide/plugins/com.st.stm32cube.ide.mcu.externaltools.gnu-tools-for-stm32.9-2020-q2-update.win32_2.0.0.202105311346/tools/bin/../lib/gcc/arm-none-eabi/9.3.1/../../../../arm-none-eabi/lib/thumb/v7e-m+fp/hard\libc_nano.a(lib_a-stdio.o)
                0x00000000080034ee                __sseek
 .text.__sclose
                0x0000000008003512        0x8 c:/st/stm32cubeide_1.8.0/stm32cubeide/plugins/com.st.stm32cube.ide.mcu.externaltools.gnu-tools-for-stm32.9-2020-q2-update.win32_2.0.0.202105311346/tools/bin/../lib/gcc/arm-none-eabi/9.3.1/../../../../arm-none-eabi/lib/thumb/v7e-m+fp/hard\libc_nano.a(lib_a-stdio.o)
                0x0000000008003512                __sclose
 *fill*         0x000000000800351a        0x2 
 .text.__swbuf_r
                0x000000000800351c       0xa4 c:/st/stm32cubeide_1.8.0/stm32cubeide/plugins/com.st.stm32cube.ide.mcu.externaltools.gnu-tools-for-stm32.9-2020-q2-update.win32_2.0.0.202105311346/tools/bin/../lib/gcc/arm-none-eabi/9.3.1/../../../../arm-none-eabi/lib/thumb/v7e-m+fp/hard\libc_nano.a(lib_a-wbuf.o)
                0x000000000800351c                __swbuf_r
 .text.__swsetup_r
                0x00000000080035c0       0xdc c:/st/stm32cubeide_1.8.0/stm32cubeide/plugins/com.st.stm32cube.ide.mcu.externaltools.gnu-tools-for-stm32.9-2020-q2-update.win32_2.0.0.202105311346/tools/bin/../lib/gcc/arm-none-eabi/9.3.1/../../../../arm-none-eabi/lib/thumb/v7e-m+fp/hard\libc_nano.a(lib_a-wsetup.o)
                0x00000000080035c0                __swsetup_r
 .text._close_r
                0x000000000800369c       0x20 c:/st/stm32cubeide_1.8.0/stm32cubeide/plugins/com.st.stm32cube.ide.mcu.externaltools.gnu-tools-for-stm32.9-2020-q2-update.win32_2.0.0.202105311346/tools/bin/../lib/gcc/arm-none-eabi/9.3.1/../../../../arm-none-eabi/lib/thumb/v7e-m+fp/hard\libc_nano.a(lib_a-closer.o)
                0x000000000800369c                _close_r
 .text._fstat_r
                0x00000000080036bc       0x24 c:/st/stm32cubeide_1.8.0/stm32cubeide/plugins/com.st.stm32cube.ide.mcu.externaltools.gnu-tools-for-stm32.9-2020-q2-update.win32_2.0.0.202105311346/tools/bin/../lib/gcc/arm-none-eabi/9.3.1/../../../../arm-none-eabi/lib/thumb/v7e-m+fp/hard\libc_nano.a(lib_a-fstatr.o)
                0x00000000080036bc                _fstat_r
 .text._isatty_r
                0x00000000080036e0       0x20 c:/st/stm32cubeide_1.8.0/stm32cubeide/plugins/com.st.stm32cube.ide.mcu.externaltools.gnu-tools-for-stm32.9-2020-q2-update.win32_2.0.0.202105311346/tools/bin/../lib/gcc/arm-none-eabi/9.3.1/../../../../arm-none-eabi/lib/thumb/v7e-m+fp/hard\libc_nano.a(lib_a-isattyr.o)
                0x00000000080036e0                _isatty_r
 .text._lseek_r
                0x0000000008003700       0x24 c:/st/stm32cubeide_1.8.0/stm32cubeide/plugins/com.st.stm32cube.ide.mcu.externaltools.gnu-tools-for-stm32.9-2020-q2-update.win32_2.0.0.202105311346/tools/bin/../lib/gcc/arm-none-eabi/9.3.1/../../../../arm-none-eabi/lib/thumb/v7e-m+fp/hard\libc_nano.a(lib_a-lseekr.o)
                0x0000000008003700                _lseek_r
 .text.memcpy   0x0000000008003724       0x1c c:/st/stm32cubeide_1.8.0/stm32cubeide/plugins/com.st.stm32cube.ide.mcu.externaltools.gnu-tools-for-stm32.9-2020-q2-update.win32_2.0.0.202105311346/tools/bin/../lib/gcc/arm-none-eabi/9.3.1/../../../../arm-none-eabi/lib/thumb/v7e-m+fp/hard\libc_nano.a(lib_a-memcpy-stub.o)
                0x0000000008003724                memcpy
 .text.memmove  0x0000000008003740       0x34 c:/st/stm32cubeide_1.8.0/stm32cubeide/plugins/com.st.stm32cube.ide.mcu.externaltools.gnu-tools-for-stm32.9-2020-q2-update.win32_2.0.0.202105311346/tools/bin/../lib/gcc/arm-none-eabi/9.3.1/../../../../arm-none-eabi/lib/thumb/v7e-m+fp/hard\libc_nano.a(lib_a-memmove.o)
                0x0000000008003740                memmove
 .text.__malloc_lock
                0x0000000008003774        0xc c:/st/stm32cubeide_1.8.0/stm32cubeide/plugins/com.st.stm32cube.ide.mcu.externaltools.gnu-tools-for-stm32.9-2020-q2-update.win32_2.0.0.202105311346/tools/bin/../lib/gcc/arm-none-eabi/9.3.1/../../../../arm-none-eabi/lib/thumb/v7e-m+fp/hard\libc_nano.a(lib_a-mlock.o)
                0x0000000008003774                __malloc_lock
 .text.__malloc_unlock
                0x0000000008003780        0xc c:/st/stm32cubeide_1.8.0/stm32cubeide/plugins/com.st.stm32cube.ide.mcu.externaltools.gnu-tools-for-stm32.9-2020-q2-update.win32_2.0.0.202105311346/tools/bin/../lib/gcc/arm-none-eabi/9.3.1/../../../../arm-none-eabi/lib/thumb/v7e-m+fp/hard\libc_nano.a(lib_a-mlock.o)
                0x0000000008003780                __malloc_unlock
 .text._realloc_r
                0x000000000800378c       0x4c c:/st/stm32cubeide_1.8.0/stm32cubeide/plugins/com.st.stm32cube.ide.mcu.externaltools.gnu-tools-for-stm32.9-2020-q2-update.win32_2.0.0.202105311346/tools/bin/../lib/gcc/arm-none-eabi/9.3.1/../../../../arm-none-eabi/lib/thumb/v7e-m+fp/hard\libc_nano.a(lib_a-nano-reallocr.o)
                0x000000000800378c                _realloc_r
 .text._read_r  0x00000000080037d8       0x24 c:/st/stm32cubeide_1.8.0/stm32cubeide/plugins/com.st.stm32cube.ide.mcu.externaltools.gnu-tools-for-stm32.9-2020-q2-update.win32_2.0.0.202105311346/tools/bin/../lib/gcc/arm-none-eabi/9.3.1/../../../../arm-none-eabi/lib/thumb/v7e-m+fp/hard\libc_nano.a(lib_a-readr.o)
                0x00000000080037d8                _read_r
 .text._malloc_usable_size_r
                0x00000000080037fc       0x10 c:/st/stm32cubeide_1.8.0/stm32cubeide/plugins/com.st.stm32cube.ide.mcu.externaltools.gnu-tools-for-stm32.9-2020-q2-update.win32_2.0.0.202105311346/tools/bin/../lib/gcc/arm-none-eabi/9.3.1/../../../../arm-none-eabi/lib/thumb/v7e-m+fp/hard\libc_nano.a(lib_a-nano-msizer.o)
                0x00000000080037fc                _malloc_usable_size_r
 *(.glue_7)
 .glue_7        0x000000000800380c        0x0 linker stubs
 *(.glue_7t)
 .glue_7t       0x000000000800380c        0x0 linker stubs
 *(.eh_frame)
 .eh_frame      0x000000000800380c        0x0 c:/st/stm32cubeide_1.8.0/stm32cubeide/plugins/com.st.stm32cube.ide.mcu.externaltools.gnu-tools-for-stm32.9-2020-q2-update.win32_2.0.0.202105311346/tools/bin/../lib/gcc/arm-none-eabi/9.3.1/thumb/v7e-m+fp/hard/crtbegin.o
 *(.init)
 .init          0x000000000800380c        0x4 c:/st/stm32cubeide_1.8.0/stm32cubeide/plugins/com.st.stm32cube.ide.mcu.externaltools.gnu-tools-for-stm32.9-2020-q2-update.win32_2.0.0.202105311346/tools/bin/../lib/gcc/arm-none-eabi/9.3.1/thumb/v7e-m+fp/hard/crti.o
                0x000000000800380c                _init
 .init          0x0000000008003810        0x8 c:/st/stm32cubeide_1.8.0/stm32cubeide/plugins/com.st.stm32cube.ide.mcu.externaltools.gnu-tools-for-stm32.9-2020-q2-update.win32_2.0.0.202105311346/tools/bin/../lib/gcc/arm-none-eabi/9.3.1/thumb/v7e-m+fp/hard/crtn.o
 *(.fini)
 .fini          0x0000000008003818        0x4 c:/st/stm32cubeide_1.8.0/stm32cubeide/plugins/com.st.stm32cube.ide.mcu.externaltools.gnu-tools-for-stm32.9-2020-q2-update.win32_2.0.0.202105311346/tools/bin/../lib/gcc/arm-none-eabi/9.3.1/thumb/v7e-m+fp/hard/crti.o
                0x0000000008003818                _fini
 .fini          0x000000000800381c        0x8 c:/st/stm32cubeide_1.8.0/stm32cubeide/plugins/com.st.stm32cube.ide.mcu.externaltools.gnu-tools-for-stm32.9-2020-q2-update.win32_2.0.0.202105311346/tools/bin/../lib/gcc/arm-none-eabi/9.3.1/thumb/v7e-m+fp/hard/crtn.o
                0x0000000008003824                . = ALIGN (0x4)
                0x0000000008003824                _etext = .

.vfp11_veneer   0x0000000008003824        0x0
 .vfp11_veneer  0x0000000008003824        0x0 linker stubs

.v4_bx          0x0000000008003824        0x0
 .v4_bx         0x0000000008003824        0x0 linker stubs

.iplt           0x0000000008003824        0x0
 .iplt          0x0000000008003824        0x0 c:/st/stm32cubeide_1.8.0/stm32cubeide/plugins/com.st.stm32cube.ide.mcu.externaltools.gnu-tools-for-stm32.9-2020-q2-update.win32_2.0.0.202105311346/tools/bin/../lib/gcc/arm-none-eabi/9.3.1/thumb/v7e-m+fp/hard/crtbegin.o

.rodata         0x0000000008003824      0x6ec
                0x0000000008003824                . = ALIGN (0x4)
 *(.rodata)
 .rodata        0x0000000008003824      0x18e ./Src/HighScore.o
 *fill*         0x00000000080039b2        0x2 
 .rodata        0x00000000080039b4       0x70 ./Src/ansi.o
 .rodata        0x0000000008003a24        0xb ./Src/lcd_write.o
 *fill*         0x0000000008003a2f        0x1 
 .rodata        0x0000000008003a30       0x68 ./Src/main.o
 .rodata        0x0000000008003a98       0xd1 ./Src/menu.o
 *fill*         0x0000000008003b69        0x3 
 .rodata        0x0000000008003b6c        0xc ./Src/ship.o
 .rodata        0x0000000008003b78       0xfb ./Src/sprites.o
 *fill*         0x0000000008003c73        0x1 
 .rodata        0x0000000008003c74       0x12 ./Src/window.o
 *(.rodata*)
 *fill*         0x0000000008003c86        0x2 
 .rodata.character_data
                0x0000000008003c88      0x1ef ./Src/charset.o
                0x0000000008003c88                character_data
 *fill*         0x0000000008003e77        0x1 
 .rodata._global_impure_ptr
                0x0000000008003e78        0x4 c:/st/stm32cubeide_1.8.0/stm32cubeide/plugins/com.st.stm32cube.ide.mcu.externaltools.gnu-tools-for-stm32.9-2020-q2-update.win32_2.0.0.202105311346/tools/bin/../lib/gcc/arm-none-eabi/9.3.1/../../../../arm-none-eabi/lib/thumb/v7e-m+fp/hard\libc_nano.a(lib_a-impure.o)
                0x0000000008003e78                _global_impure_ptr
 .rodata.__sf_fake_stderr
                0x0000000008003e7c       0x20 c:/st/stm32cubeide_1.8.0/stm32cubeide/plugins/com.st.stm32cube.ide.mcu.externaltools.gnu-tools-for-stm32.9-2020-q2-update.win32_2.0.0.202105311346/tools/bin/../lib/gcc/arm-none-eabi/9.3.1/../../../../arm-none-eabi/lib/thumb/v7e-m+fp/hard\libc_nano.a(lib_a-findfp.o)
                0x0000000008003e7c                __sf_fake_stderr
 .rodata.__sf_fake_stdin
                0x0000000008003e9c       0x20 c:/st/stm32cubeide_1.8.0/stm32cubeide/plugins/com.st.stm32cube.ide.mcu.externaltools.gnu-tools-for-stm32.9-2020-q2-update.win32_2.0.0.202105311346/tools/bin/../lib/gcc/arm-none-eabi/9.3.1/../../../../arm-none-eabi/lib/thumb/v7e-m+fp/hard\libc_nano.a(lib_a-findfp.o)
                0x0000000008003e9c                __sf_fake_stdin
 .rodata.__sf_fake_stdout
                0x0000000008003ebc       0x20 c:/st/stm32cubeide_1.8.0/stm32cubeide/plugins/com.st.stm32cube.ide.mcu.externaltools.gnu-tools-for-stm32.9-2020-q2-update.win32_2.0.0.202105311346/tools/bin/../lib/gcc/arm-none-eabi/9.3.1/../../../../arm-none-eabi/lib/thumb/v7e-m+fp/hard\libc_nano.a(lib_a-findfp.o)
                0x0000000008003ebc                __sf_fake_stdout
 .rodata._svfprintf_r.str1.1
                0x0000000008003edc       0x11 c:/st/stm32cubeide_1.8.0/stm32cubeide/plugins/com.st.stm32cube.ide.mcu.externaltools.gnu-tools-for-stm32.9-2020-q2-update.win32_2.0.0.202105311346/tools/bin/../lib/gcc/arm-none-eabi/9.3.1/../../../../arm-none-eabi/lib/thumb/v7e-m+fp/hard\libc_nano.a(lib_a-nano-svfprintf.o)
 .rodata._vfprintf_r.str1.1
                0x0000000008003eed       0x11 c:/st/stm32cubeide_1.8.0/stm32cubeide/plugins/com.st.stm32cube.ide.mcu.externaltools.gnu-tools-for-stm32.9-2020-q2-update.win32_2.0.0.202105311346/tools/bin/../lib/gcc/arm-none-eabi/9.3.1/../../../../arm-none-eabi/lib/thumb/v7e-m+fp/hard\libc_nano.a(lib_a-nano-vfprintf.o)
 .rodata._printf_i.str1.1
                0x0000000008003eed       0x22 c:/st/stm32cubeide_1.8.0/stm32cubeide/plugins/com.st.stm32cube.ide.mcu.externaltools.gnu-tools-for-stm32.9-2020-q2-update.win32_2.0.0.202105311346/tools/bin/../lib/gcc/arm-none-eabi/9.3.1/../../../../arm-none-eabi/lib/thumb/v7e-m+fp/hard\libc_nano.a(lib_a-nano-vfprintf_i.o)
                0x0000000008003f10                . = ALIGN (0x4)
 *fill*         0x0000000008003f0f        0x1 

.rel.dyn        0x0000000008003f10        0x0
 .rel.iplt      0x0000000008003f10        0x0 c:/st/stm32cubeide_1.8.0/stm32cubeide/plugins/com.st.stm32cube.ide.mcu.externaltools.gnu-tools-for-stm32.9-2020-q2-update.win32_2.0.0.202105311346/tools/bin/../lib/gcc/arm-none-eabi/9.3.1/thumb/v7e-m+fp/hard/crtbegin.o

.ARM.extab      0x0000000008003f10        0x0
                0x0000000008003f10                . = ALIGN (0x4)
 *(.ARM.extab* .gnu.linkonce.armextab.*)
                0x0000000008003f10                . = ALIGN (0x4)

.ARM            0x0000000008003f10        0x0
                0x0000000008003f10                . = ALIGN (0x4)
                0x0000000008003f10                __exidx_start = .
 *(.ARM.exidx*)
                0x0000000008003f10                __exidx_end = .
                0x0000000008003f10                . = ALIGN (0x4)

.preinit_array  0x0000000008003f10        0x0
                0x0000000008003f10                . = ALIGN (0x4)
                0x0000000008003f10                PROVIDE (__preinit_array_start = .)
 *(.preinit_array*)
                0x0000000008003f10                PROVIDE (__preinit_array_end = .)
                0x0000000008003f10                . = ALIGN (0x4)

.init_array     0x0000000008003f10        0x4
                0x0000000008003f10                . = ALIGN (0x4)
                0x0000000008003f10                PROVIDE (__init_array_start = .)
 *(SORT_BY_NAME(.init_array.*))
 *(.init_array*)
 .init_array    0x0000000008003f10        0x4 c:/st/stm32cubeide_1.8.0/stm32cubeide/plugins/com.st.stm32cube.ide.mcu.externaltools.gnu-tools-for-stm32.9-2020-q2-update.win32_2.0.0.202105311346/tools/bin/../lib/gcc/arm-none-eabi/9.3.1/thumb/v7e-m+fp/hard/crtbegin.o
                0x0000000008003f14                PROVIDE (__init_array_end = .)
                0x0000000008003f14                . = ALIGN (0x4)

.fini_array     0x0000000008003f14        0x4
                0x0000000008003f14                . = ALIGN (0x4)
                [!provide]                        PROVIDE (__fini_array_start = .)
 *(SORT_BY_NAME(.fini_array.*))
 *(.fini_array*)
 .fini_array    0x0000000008003f14        0x4 c:/st/stm32cubeide_1.8.0/stm32cubeide/plugins/com.st.stm32cube.ide.mcu.externaltools.gnu-tools-for-stm32.9-2020-q2-update.win32_2.0.0.202105311346/tools/bin/../lib/gcc/arm-none-eabi/9.3.1/thumb/v7e-m+fp/hard/crtbegin.o
                [!provide]                        PROVIDE (__fini_array_end = .)
                0x0000000008003f18                . = ALIGN (0x4)
                0x0000000008003f18                _sidata = LOADADDR (.data)

.data           0x0000000020000000       0x90 load address 0x0000000008003f18
                0x0000000020000000                . = ALIGN (0x4)
                0x0000000020000000                _sdata = .
 *(.data)
 *(.data*)
 .data.APBAHBPrescTable
                0x0000000020000000       0x10 ./SPL/src/stm32f30x_rcc.o
 .data.ADCPrescTable
                0x0000000020000010       0x1a ./SPL/src/stm32f30x_rcc.o
 *fill*         0x000000002000002a        0x2 
 .data._impure_ptr
                0x000000002000002c        0x4 c:/st/stm32cubeide_1.8.0/stm32cubeide/plugins/com.st.stm32cube.ide.mcu.externaltools.gnu-tools-for-stm32.9-2020-q2-update.win32_2.0.0.202105311346/tools/bin/../lib/gcc/arm-none-eabi/9.3.1/../../../../arm-none-eabi/lib/thumb/v7e-m+fp/hard\libc_nano.a(lib_a-impure.o)
                0x000000002000002c                _impure_ptr
 .data.impure_data
                0x0000000020000030       0x60 c:/st/stm32cubeide_1.8.0/stm32cubeide/plugins/com.st.stm32cube.ide.mcu.externaltools.gnu-tools-for-stm32.9-2020-q2-update.win32_2.0.0.202105311346/tools/bin/../lib/gcc/arm-none-eabi/9.3.1/../../../../arm-none-eabi/lib/thumb/v7e-m+fp/hard\libc_nano.a(lib_a-impure.o)
                0x0000000020000090                . = ALIGN (0x4)
                0x0000000020000090                _edata = .

.igot.plt       0x0000000020000090        0x0 load address 0x0000000008003fa8
 .igot.plt      0x0000000020000090        0x0 c:/st/stm32cubeide_1.8.0/stm32cubeide/plugins/com.st.stm32cube.ide.mcu.externaltools.gnu-tools-for-stm32.9-2020-q2-update.win32_2.0.0.202105311346/tools/bin/../lib/gcc/arm-none-eabi/9.3.1/thumb/v7e-m+fp/hard/crtbegin.o
                0x0000000020000090                . = ALIGN (0x4)

.bss            0x0000000020000090      0x14c load address 0x0000000008003fa8
                0x0000000020000090                _sbss = .
                0x0000000020000090                __bss_start__ = _sbss
 *(.bss)
 .bss           0x0000000020000090       0x1c c:/st/stm32cubeide_1.8.0/stm32cubeide/plugins/com.st.stm32cube.ide.mcu.externaltools.gnu-tools-for-stm32.9-2020-q2-update.win32_2.0.0.202105311346/tools/bin/../lib/gcc/arm-none-eabi/9.3.1/thumb/v7e-m+fp/hard/crtbegin.o
 *(.bss*)
 .bss.UART_BUFFER
                0x00000000200000ac      0x100 ./Src/30010_io.o
                0x00000000200000ac                UART_BUFFER
 .bss.UART_END_IDX
                0x00000000200001ac        0x1 ./Src/30010_io.o
                0x00000000200001ac                UART_END_IDX
 .bss.UART_START_IDX
                0x00000000200001ad        0x1 ./Src/30010_io.o
                0x00000000200001ad                UART_START_IDX
 .bss.UART_COUNT
                0x00000000200001ae        0x1 ./Src/30010_io.o
                0x00000000200001ae                UART_COUNT
 *fill*         0x00000000200001af        0x1 
 .bss.t         0x00000000200001b0       0x10 ./Src/clock.o
                0x00000000200001b0                t
 .bss.heap_end.6585
                0x00000000200001c0        0x4 ./Src/sysmem.o
 .bss.__malloc_free_list
                0x00000000200001c4        0x4 c:/st/stm32cubeide_1.8.0/stm32cubeide/plugins/com.st.stm32cube.ide.mcu.externaltools.gnu-tools-for-stm32.9-2020-q2-update.win32_2.0.0.202105311346/tools/bin/../lib/gcc/arm-none-eabi/9.3.1/../../../../arm-none-eabi/lib/thumb/v7e-m+fp/hard\libc_nano.a(lib_a-nano-mallocr.o)
                0x00000000200001c4                __malloc_free_list
 .bss.__malloc_sbrk_start
                0x00000000200001c8        0x4 c:/st/stm32cubeide_1.8.0/stm32cubeide/plugins/com.st.stm32cube.ide.mcu.externaltools.gnu-tools-for-stm32.9-2020-q2-update.win32_2.0.0.202105311346/tools/bin/../lib/gcc/arm-none-eabi/9.3.1/../../../../arm-none-eabi/lib/thumb/v7e-m+fp/hard\libc_nano.a(lib_a-nano-mallocr.o)
                0x00000000200001c8                __malloc_sbrk_start
 *(COMMON)
 COMMON         0x00000000200001cc        0x9 c:/st/stm32cubeide_1.8.0/stm32cubeide/plugins/com.st.stm32cube.ide.mcu.externaltools.gnu-tools-for-stm32.9-2020-q2-update.win32_2.0.0.202105311346/tools/bin/../lib/gcc/arm-none-eabi/9.3.1/../../../../arm-none-eabi/lib/thumb/v7e-m+fp/hard\libc_nano.a(lib_a-lock.o)
                0x00000000200001cc                __lock___atexit_recursive_mutex
                0x00000000200001cd                __lock___arc4random_mutex
                0x00000000200001ce                __lock___env_recursive_mutex
                0x00000000200001cf                __lock___sinit_recursive_mutex
                0x00000000200001d0                __lock___malloc_recursive_mutex
                0x00000000200001d1                __lock___at_quick_exit_mutex
                0x00000000200001d2                __lock___dd_hash_mutex
                0x00000000200001d3                __lock___tz_mutex
                0x00000000200001d4                __lock___sfp_recursive_mutex
 *fill*         0x00000000200001d5        0x3 
 COMMON         0x00000000200001d8        0x4 c:/st/stm32cubeide_1.8.0/stm32cubeide/plugins/com.st.stm32cube.ide.mcu.externaltools.gnu-tools-for-stm32.9-2020-q2-update.win32_2.0.0.202105311346/tools/bin/../lib/gcc/arm-none-eabi/9.3.1/../../../../arm-none-eabi/lib/thumb/v7e-m+fp/hard\libc_nano.a(lib_a-reent.o)
                0x00000000200001d8                errno
                0x00000000200001dc                . = ALIGN (0x4)
                0x00000000200001dc                _ebss = .
                0x00000000200001dc                __bss_end__ = _ebss

._user_heap_stack
                0x00000000200001dc      0x604 load address 0x0000000008003fa8
                0x00000000200001e0                . = ALIGN (0x8)
 *fill*         0x00000000200001dc        0x4 
                0x00000000200001e0                PROVIDE (end = .)
                [!provide]                        PROVIDE (_end = .)
                0x00000000200003e0                . = (. + _Min_Heap_Size)
 *fill*         0x00000000200001e0      0x200 
                0x00000000200007e0                . = (. + _Min_Stack_Size)
 *fill*         0x00000000200003e0      0x400 
                0x00000000200007e0                . = ALIGN (0x8)

/DISCARD/
 libc.a(*)
 libm.a(*)
 libgcc.a(*)

.ARM.attributes
                0x0000000000000000       0x30
 *(.ARM.attributes)
 .ARM.attributes
                0x0000000000000000       0x1e c:/st/stm32cubeide_1.8.0/stm32cubeide/plugins/com.st.stm32cube.ide.mcu.externaltools.gnu-tools-for-stm32.9-2020-q2-update.win32_2.0.0.202105311346/tools/bin/../lib/gcc/arm-none-eabi/9.3.1/thumb/v7e-m+fp/hard/crti.o
 .ARM.attributes
                0x000000000000001e       0x34 c:/st/stm32cubeide_1.8.0/stm32cubeide/plugins/com.st.stm32cube.ide.mcu.externaltools.gnu-tools-for-stm32.9-2020-q2-update.win32_2.0.0.202105311346/tools/bin/../lib/gcc/arm-none-eabi/9.3.1/thumb/v7e-m+fp/hard/crtbegin.o
 .ARM.attributes
                0x0000000000000052       0x34 ./SPL/src/stm32f30x_adc.o
 .ARM.attributes
                0x0000000000000086       0x34 ./SPL/src/stm32f30x_rcc.o
 .ARM.attributes
                0x00000000000000ba       0x34 ./SPL/src/stm32f30x_spi.o
 .ARM.attributes
                0x00000000000000ee       0x34 ./SPL/src/stm32f30x_usart.o
 .ARM.attributes
                0x0000000000000122       0x34 ./Src/30010_io.o
 .ARM.attributes
                0x0000000000000156       0x34 ./Src/ADC.o
 .ARM.attributes
                0x000000000000018a       0x34 ./Src/HighScore.o
 .ARM.attributes
                0x00000000000001be       0x34 ./Src/ansi.o
 .ARM.attributes
                0x00000000000001f2       0x39 ./Src/charset.o
 .ARM.attributes
                0x000000000000022b       0x34 ./Src/clock.o
 .ARM.attributes
                0x000000000000025f       0x34 ./Src/lcd_write.o
 .ARM.attributes
                0x0000000000000293       0x34 ./Src/main.o
 .ARM.attributes
                0x00000000000002c7       0x34 ./Src/menu.o
 .ARM.attributes
                0x00000000000002fb       0x34 ./Src/screens.o
 .ARM.attributes
                0x000000000000032f       0x34 ./Src/ship.o
 .ARM.attributes
                0x0000000000000363       0x34 ./Src/sprites.o
 .ARM.attributes
                0x0000000000000397       0x34 ./Src/syscalls.o
 .ARM.attributes
                0x00000000000003cb       0x34 ./Src/sysmem.o
 .ARM.attributes
                0x00000000000003ff       0x34 ./Src/system_stm32f30x.o
 .ARM.attributes
                0x0000000000000433       0x34 ./Src/window.o
 .ARM.attributes
                0x0000000000000467       0x21 ./Startup/startup_stm32f302r8tx.o
 .ARM.attributes
                0x0000000000000488       0x34 c:/st/stm32cubeide_1.8.0/stm32cubeide/plugins/com.st.stm32cube.ide.mcu.externaltools.gnu-tools-for-stm32.9-2020-q2-update.win32_2.0.0.202105311346/tools/bin/../lib/gcc/arm-none-eabi/9.3.1/../../../../arm-none-eabi/lib/thumb/v7e-m+fp/hard\libc_nano.a(lib_a-errno.o)
 .ARM.attributes
                0x00000000000004bc       0x32 c:/st/stm32cubeide_1.8.0/stm32cubeide/plugins/com.st.stm32cube.ide.mcu.externaltools.gnu-tools-for-stm32.9-2020-q2-update.win32_2.0.0.202105311346/tools/bin/../lib/gcc/arm-none-eabi/9.3.1/../../../../arm-none-eabi/lib/thumb/v7e-m+fp/hard\libc_nano.a(lib_a-impure.o)
 .ARM.attributes
                0x00000000000004ee       0x34 c:/st/stm32cubeide_1.8.0/stm32cubeide/plugins/com.st.stm32cube.ide.mcu.externaltools.gnu-tools-for-stm32.9-2020-q2-update.win32_2.0.0.202105311346/tools/bin/../lib/gcc/arm-none-eabi/9.3.1/../../../../arm-none-eabi/lib/thumb/v7e-m+fp/hard\libc_nano.a(lib_a-init.o)
 .ARM.attributes
                0x0000000000000522       0x34 c:/st/stm32cubeide_1.8.0/stm32cubeide/plugins/com.st.stm32cube.ide.mcu.externaltools.gnu-tools-for-stm32.9-2020-q2-update.win32_2.0.0.202105311346/tools/bin/../lib/gcc/arm-none-eabi/9.3.1/../../../../arm-none-eabi/lib/thumb/v7e-m+fp/hard\libc_nano.a(lib_a-memset.o)
 .ARM.attributes
                0x0000000000000556       0x34 c:/st/stm32cubeide_1.8.0/stm32cubeide/plugins/com.st.stm32cube.ide.mcu.externaltools.gnu-tools-for-stm32.9-2020-q2-update.win32_2.0.0.202105311346/tools/bin/../lib/gcc/arm-none-eabi/9.3.1/../../../../arm-none-eabi/lib/thumb/v7e-m+fp/hard\libc_nano.a(lib_a-printf.o)
 .ARM.attributes
                0x000000000000058a       0x34 c:/st/stm32cubeide_1.8.0/stm32cubeide/plugins/com.st.stm32cube.ide.mcu.externaltools.gnu-tools-for-stm32.9-2020-q2-update.win32_2.0.0.202105311346/tools/bin/../lib/gcc/arm-none-eabi/9.3.1/../../../../arm-none-eabi/lib/thumb/v7e-m+fp/hard\libc_nano.a(lib_a-putchar.o)
 .ARM.attributes
                0x00000000000005be       0x34 c:/st/stm32cubeide_1.8.0/stm32cubeide/plugins/com.st.stm32cube.ide.mcu.externaltools.gnu-tools-for-stm32.9-2020-q2-update.win32_2.0.0.202105311346/tools/bin/../lib/gcc/arm-none-eabi/9.3.1/../../../../arm-none-eabi/lib/thumb/v7e-m+fp/hard\libc_nano.a(lib_a-setbuf.o)
 .ARM.attributes
                0x00000000000005f2       0x34 c:/st/stm32cubeide_1.8.0/stm32cubeide/plugins/com.st.stm32cube.ide.mcu.externaltools.gnu-tools-for-stm32.9-2020-q2-update.win32_2.0.0.202105311346/tools/bin/../lib/gcc/arm-none-eabi/9.3.1/../../../../arm-none-eabi/lib/thumb/v7e-m+fp/hard\libc_nano.a(lib_a-setvbuf.o)
 .ARM.attributes
                0x0000000000000626       0x34 c:/st/stm32cubeide_1.8.0/stm32cubeide/plugins/com.st.stm32cube.ide.mcu.externaltools.gnu-tools-for-stm32.9-2020-q2-update.win32_2.0.0.202105311346/tools/bin/../lib/gcc/arm-none-eabi/9.3.1/../../../../arm-none-eabi/lib/thumb/v7e-m+fp/hard\libc_nano.a(lib_a-sprintf.o)
 .ARM.attributes
                0x000000000000065a       0x17 c:/st/stm32cubeide_1.8.0/stm32cubeide/plugins/com.st.stm32cube.ide.mcu.externaltools.gnu-tools-for-stm32.9-2020-q2-update.win32_2.0.0.202105311346/tools/bin/../lib/gcc/arm-none-eabi/9.3.1/../../../../arm-none-eabi/lib/thumb/v7e-m+fp/hard\libc_nano.a(lib_a-strlen.o)
 .ARM.attributes
                0x0000000000000671       0x34 c:/st/stm32cubeide_1.8.0/stm32cubeide/plugins/com.st.stm32cube.ide.mcu.externaltools.gnu-tools-for-stm32.9-2020-q2-update.win32_2.0.0.202105311346/tools/bin/../lib/gcc/arm-none-eabi/9.3.1/../../../../arm-none-eabi/lib/thumb/v7e-m+fp/hard\libc_nano.a(lib_a-fflush.o)
 .ARM.attributes
                0x00000000000006a5       0x34 c:/st/stm32cubeide_1.8.0/stm32cubeide/plugins/com.st.stm32cube.ide.mcu.externaltools.gnu-tools-for-stm32.9-2020-q2-update.win32_2.0.0.202105311346/tools/bin/../lib/gcc/arm-none-eabi/9.3.1/../../../../arm-none-eabi/lib/thumb/v7e-m+fp/hard\libc_nano.a(lib_a-findfp.o)
 .ARM.attributes
                0x00000000000006d9       0x34 c:/st/stm32cubeide_1.8.0/stm32cubeide/plugins/com.st.stm32cube.ide.mcu.externaltools.gnu-tools-for-stm32.9-2020-q2-update.win32_2.0.0.202105311346/tools/bin/../lib/gcc/arm-none-eabi/9.3.1/../../../../arm-none-eabi/lib/thumb/v7e-m+fp/hard\libc_nano.a(lib_a-fwalk.o)
 .ARM.attributes
                0x000000000000070d       0x34 c:/st/stm32cubeide_1.8.0/stm32cubeide/plugins/com.st.stm32cube.ide.mcu.externaltools.gnu-tools-for-stm32.9-2020-q2-update.win32_2.0.0.202105311346/tools/bin/../lib/gcc/arm-none-eabi/9.3.1/../../../../arm-none-eabi/lib/thumb/v7e-m+fp/hard\libc_nano.a(lib_a-lock.o)
 .ARM.attributes
                0x0000000000000741       0x34 c:/st/stm32cubeide_1.8.0/stm32cubeide/plugins/com.st.stm32cube.ide.mcu.externaltools.gnu-tools-for-stm32.9-2020-q2-update.win32_2.0.0.202105311346/tools/bin/../lib/gcc/arm-none-eabi/9.3.1/../../../../arm-none-eabi/lib/thumb/v7e-m+fp/hard\libc_nano.a(lib_a-makebuf.o)
 .ARM.attributes
                0x0000000000000775       0x34 c:/st/stm32cubeide_1.8.0/stm32cubeide/plugins/com.st.stm32cube.ide.mcu.externaltools.gnu-tools-for-stm32.9-2020-q2-update.win32_2.0.0.202105311346/tools/bin/../lib/gcc/arm-none-eabi/9.3.1/../../../../arm-none-eabi/lib/thumb/v7e-m+fp/hard\libc_nano.a(lib_a-malloc.o)
 .ARM.attributes
                0x00000000000007a9       0x34 c:/st/stm32cubeide_1.8.0/stm32cubeide/plugins/com.st.stm32cube.ide.mcu.externaltools.gnu-tools-for-stm32.9-2020-q2-update.win32_2.0.0.202105311346/tools/bin/../lib/gcc/arm-none-eabi/9.3.1/../../../../arm-none-eabi/lib/thumb/v7e-m+fp/hard\libc_nano.a(lib_a-nano-freer.o)
 .ARM.attributes
                0x00000000000007dd       0x34 c:/st/stm32cubeide_1.8.0/stm32cubeide/plugins/com.st.stm32cube.ide.mcu.externaltools.gnu-tools-for-stm32.9-2020-q2-update.win32_2.0.0.202105311346/tools/bin/../lib/gcc/arm-none-eabi/9.3.1/../../../../arm-none-eabi/lib/thumb/v7e-m+fp/hard\libc_nano.a(lib_a-nano-mallocr.o)
 .ARM.attributes
                0x0000000000000811       0x34 c:/st/stm32cubeide_1.8.0/stm32cubeide/plugins/com.st.stm32cube.ide.mcu.externaltools.gnu-tools-for-stm32.9-2020-q2-update.win32_2.0.0.202105311346/tools/bin/../lib/gcc/arm-none-eabi/9.3.1/../../../../arm-none-eabi/lib/thumb/v7e-m+fp/hard\libc_nano.a(lib_a-nano-svfprintf.o)
 .ARM.attributes
                0x0000000000000845       0x34 c:/st/stm32cubeide_1.8.0/stm32cubeide/plugins/com.st.stm32cube.ide.mcu.externaltools.gnu-tools-for-stm32.9-2020-q2-update.win32_2.0.0.202105311346/tools/bin/../lib/gcc/arm-none-eabi/9.3.1/../../../../arm-none-eabi/lib/thumb/v7e-m+fp/hard\libc_nano.a(lib_a-nano-vfprintf.o)
 .ARM.attributes
                0x0000000000000879       0x34 c:/st/stm32cubeide_1.8.0/stm32cubeide/plugins/com.st.stm32cube.ide.mcu.externaltools.gnu-tools-for-stm32.9-2020-q2-update.win32_2.0.0.202105311346/tools/bin/../lib/gcc/arm-none-eabi/9.3.1/../../../../arm-none-eabi/lib/thumb/v7e-m+fp/hard\libc_nano.a(lib_a-nano-vfprintf_i.o)
 .ARM.attributes
                0x00000000000008ad       0x34 c:/st/stm32cubeide_1.8.0/stm32cubeide/plugins/com.st.stm32cube.ide.mcu.externaltools.gnu-tools-for-stm32.9-2020-q2-update.win32_2.0.0.202105311346/tools/bin/../lib/gcc/arm-none-eabi/9.3.1/../../../../arm-none-eabi/lib/thumb/v7e-m+fp/hard\libc_nano.a(lib_a-putc.o)
 .ARM.attributes
                0x00000000000008e1       0x34 c:/st/stm32cubeide_1.8.0/stm32cubeide/plugins/com.st.stm32cube.ide.mcu.externaltools.gnu-tools-for-stm32.9-2020-q2-update.win32_2.0.0.202105311346/tools/bin/../lib/gcc/arm-none-eabi/9.3.1/../../../../arm-none-eabi/lib/thumb/v7e-m+fp/hard\libc_nano.a(lib_a-sbrkr.o)
 .ARM.attributes
                0x0000000000000915       0x34 c:/st/stm32cubeide_1.8.0/stm32cubeide/plugins/com.st.stm32cube.ide.mcu.externaltools.gnu-tools-for-stm32.9-2020-q2-update.win32_2.0.0.202105311346/tools/bin/../lib/gcc/arm-none-eabi/9.3.1/../../../../arm-none-eabi/lib/thumb/v7e-m+fp/hard\libc_nano.a(lib_a-stdio.o)
 .ARM.attributes
                0x0000000000000949       0x34 c:/st/stm32cubeide_1.8.0/stm32cubeide/plugins/com.st.stm32cube.ide.mcu.externaltools.gnu-tools-for-stm32.9-2020-q2-update.win32_2.0.0.202105311346/tools/bin/../lib/gcc/arm-none-eabi/9.3.1/../../../../arm-none-eabi/lib/thumb/v7e-m+fp/hard\libc_nano.a(lib_a-wbuf.o)
 .ARM.attributes
                0x000000000000097d       0x34 c:/st/stm32cubeide_1.8.0/stm32cubeide/plugins/com.st.stm32cube.ide.mcu.externaltools.gnu-tools-for-stm32.9-2020-q2-update.win32_2.0.0.202105311346/tools/bin/../lib/gcc/arm-none-eabi/9.3.1/../../../../arm-none-eabi/lib/thumb/v7e-m+fp/hard\libc_nano.a(lib_a-wsetup.o)
 .ARM.attributes
                0x00000000000009b1       0x34 c:/st/stm32cubeide_1.8.0/stm32cubeide/plugins/com.st.stm32cube.ide.mcu.externaltools.gnu-tools-for-stm32.9-2020-q2-update.win32_2.0.0.202105311346/tools/bin/../lib/gcc/arm-none-eabi/9.3.1/../../../../arm-none-eabi/lib/thumb/v7e-m+fp/hard\libc_nano.a(lib_a-closer.o)
 .ARM.attributes
                0x00000000000009e5       0x34 c:/st/stm32cubeide_1.8.0/stm32cubeide/plugins/com.st.stm32cube.ide.mcu.externaltools.gnu-tools-for-stm32.9-2020-q2-update.win32_2.0.0.202105311346/tools/bin/../lib/gcc/arm-none-eabi/9.3.1/../../../../arm-none-eabi/lib/thumb/v7e-m+fp/hard\libc_nano.a(lib_a-fstatr.o)
 .ARM.attributes
                0x0000000000000a19       0x34 c:/st/stm32cubeide_1.8.0/stm32cubeide/plugins/com.st.stm32cube.ide.mcu.externaltools.gnu-tools-for-stm32.9-2020-q2-update.win32_2.0.0.202105311346/tools/bin/../lib/gcc/arm-none-eabi/9.3.1/../../../../arm-none-eabi/lib/thumb/v7e-m+fp/hard\libc_nano.a(lib_a-isattyr.o)
 .ARM.attributes
                0x0000000000000a4d       0x34 c:/st/stm32cubeide_1.8.0/stm32cubeide/plugins/com.st.stm32cube.ide.mcu.externaltools.gnu-tools-for-stm32.9-2020-q2-update.win32_2.0.0.202105311346/tools/bin/../lib/gcc/arm-none-eabi/9.3.1/../../../../arm-none-eabi/lib/thumb/v7e-m+fp/hard\libc_nano.a(lib_a-lseekr.o)
 .ARM.attributes
                0x0000000000000a81       0x1c c:/st/stm32cubeide_1.8.0/stm32cubeide/plugins/com.st.stm32cube.ide.mcu.externaltools.gnu-tools-for-stm32.9-2020-q2-update.win32_2.0.0.202105311346/tools/bin/../lib/gcc/arm-none-eabi/9.3.1/../../../../arm-none-eabi/lib/thumb/v7e-m+fp/hard\libc_nano.a(lib_a-memchr.o)
 .ARM.attributes
                0x0000000000000a9d       0x34 c:/st/stm32cubeide_1.8.0/stm32cubeide/plugins/com.st.stm32cube.ide.mcu.externaltools.gnu-tools-for-stm32.9-2020-q2-update.win32_2.0.0.202105311346/tools/bin/../lib/gcc/arm-none-eabi/9.3.1/../../../../arm-none-eabi/lib/thumb/v7e-m+fp/hard\libc_nano.a(lib_a-memcpy-stub.o)
 .ARM.attributes
                0x0000000000000ad1       0x34 c:/st/stm32cubeide_1.8.0/stm32cubeide/plugins/com.st.stm32cube.ide.mcu.externaltools.gnu-tools-for-stm32.9-2020-q2-update.win32_2.0.0.202105311346/tools/bin/../lib/gcc/arm-none-eabi/9.3.1/../../../../arm-none-eabi/lib/thumb/v7e-m+fp/hard\libc_nano.a(lib_a-memmove.o)
 .ARM.attributes
                0x0000000000000b05       0x34 c:/st/stm32cubeide_1.8.0/stm32cubeide/plugins/com.st.stm32cube.ide.mcu.externaltools.gnu-tools-for-stm32.9-2020-q2-update.win32_2.0.0.202105311346/tools/bin/../lib/gcc/arm-none-eabi/9.3.1/../../../../arm-none-eabi/lib/thumb/v7e-m+fp/hard\libc_nano.a(lib_a-mlock.o)
 .ARM.attributes
                0x0000000000000b39       0x34 c:/st/stm32cubeide_1.8.0/stm32cubeide/plugins/com.st.stm32cube.ide.mcu.externaltools.gnu-tools-for-stm32.9-2020-q2-update.win32_2.0.0.202105311346/tools/bin/../lib/gcc/arm-none-eabi/9.3.1/../../../../arm-none-eabi/lib/thumb/v7e-m+fp/hard\libc_nano.a(lib_a-nano-reallocr.o)
 .ARM.attributes
                0x0000000000000b6d       0x34 c:/st/stm32cubeide_1.8.0/stm32cubeide/plugins/com.st.stm32cube.ide.mcu.externaltools.gnu-tools-for-stm32.9-2020-q2-update.win32_2.0.0.202105311346/tools/bin/../lib/gcc/arm-none-eabi/9.3.1/../../../../arm-none-eabi/lib/thumb/v7e-m+fp/hard\libc_nano.a(lib_a-readr.o)
 .ARM.attributes
                0x0000000000000ba1       0x34 c:/st/stm32cubeide_1.8.0/stm32cubeide/plugins/com.st.stm32cube.ide.mcu.externaltools.gnu-tools-for-stm32.9-2020-q2-update.win32_2.0.0.202105311346/tools/bin/../lib/gcc/arm-none-eabi/9.3.1/../../../../arm-none-eabi/lib/thumb/v7e-m+fp/hard\libc_nano.a(lib_a-reent.o)
 .ARM.attributes
                0x0000000000000bd5       0x34 c:/st/stm32cubeide_1.8.0/stm32cubeide/plugins/com.st.stm32cube.ide.mcu.externaltools.gnu-tools-for-stm32.9-2020-q2-update.win32_2.0.0.202105311346/tools/bin/../lib/gcc/arm-none-eabi/9.3.1/../../../../arm-none-eabi/lib/thumb/v7e-m+fp/hard\libc_nano.a(lib_a-nano-msizer.o)
 .ARM.attributes
                0x0000000000000c09       0x1e c:/st/stm32cubeide_1.8.0/stm32cubeide/plugins/com.st.stm32cube.ide.mcu.externaltools.gnu-tools-for-stm32.9-2020-q2-update.win32_2.0.0.202105311346/tools/bin/../lib/gcc/arm-none-eabi/9.3.1/thumb/v7e-m+fp/hard/crtn.o
OUTPUT(Spil.elf elf32-littlearm)
LOAD linker stubs
LOAD c:/st/stm32cubeide_1.8.0/stm32cubeide/plugins/com.st.stm32cube.ide.mcu.externaltools.gnu-tools-for-stm32.9-2020-q2-update.win32_2.0.0.202105311346/tools/bin/../lib/gcc/arm-none-eabi/9.3.1/../../../../arm-none-eabi/lib/thumb/v7e-m+fp/hard\libc.a
LOAD c:/st/stm32cubeide_1.8.0/stm32cubeide/plugins/com.st.stm32cube.ide.mcu.externaltools.gnu-tools-for-stm32.9-2020-q2-update.win32_2.0.0.202105311346/tools/bin/../lib/gcc/arm-none-eabi/9.3.1/../../../../arm-none-eabi/lib/thumb/v7e-m+fp/hard\libm.a
LOAD c:/st/stm32cubeide_1.8.0/stm32cubeide/plugins/com.st.stm32cube.ide.mcu.externaltools.gnu-tools-for-stm32.9-2020-q2-update.win32_2.0.0.202105311346/tools/bin/../lib/gcc/arm-none-eabi/9.3.1/thumb/v7e-m+fp/hard\libgcc.a

.debug_info     0x0000000000000000     0xf113
 .debug_info    0x0000000000000000     0x1450 ./SPL/src/stm32f30x_adc.o
 .debug_info    0x0000000000001450      0xb79 ./SPL/src/stm32f30x_rcc.o
 .debug_info    0x0000000000001fc9      0xc39 ./SPL/src/stm32f30x_spi.o
 .debug_info    0x0000000000002c02      0xfb2 ./SPL/src/stm32f30x_usart.o
 .debug_info    0x0000000000003bb4     0x1415 ./Src/30010_io.o
 .debug_info    0x0000000000004fc9      0xe5c ./Src/ADC.o
 .debug_info    0x0000000000005e25      0xa56 ./Src/HighScore.o
 .debug_info    0x000000000000687b      0xaf0 ./Src/ansi.o
 .debug_info    0x000000000000736b       0x6a ./Src/charset.o
 .debug_info    0x00000000000073d5     0x11c1 ./Src/clock.o
 .debug_info    0x0000000000008596      0xc69 ./Src/lcd_write.o
 .debug_info    0x00000000000091ff      0xc5c ./Src/main.o
 .debug_info    0x0000000000009e5b      0xa06 ./Src/menu.o
 .debug_info    0x000000000000a861      0xa0e ./Src/screens.o
 .debug_info    0x000000000000b26f      0xb12 ./Src/ship.o
 .debug_info    0x000000000000bd81      0xb0d ./Src/sprites.o
 .debug_info    0x000000000000c88e      0xfb4 ./Src/syscalls.o
 .debug_info    0x000000000000d842      0x9b5 ./Src/sysmem.o
 .debug_info    0x000000000000e1f7      0x4ad ./Src/system_stm32f30x.o
 .debug_info    0x000000000000e6a4      0xa4d ./Src/window.o
 .debug_info    0x000000000000f0f1       0x22 ./Startup/startup_stm32f302r8tx.o

.debug_abbrev   0x0000000000000000     0x26e2
 .debug_abbrev  0x0000000000000000      0x1ce ./SPL/src/stm32f30x_adc.o
 .debug_abbrev  0x00000000000001ce      0x229 ./SPL/src/stm32f30x_rcc.o
 .debug_abbrev  0x00000000000003f7      0x1c7 ./SPL/src/stm32f30x_spi.o
 .debug_abbrev  0x00000000000005be      0x1ab ./SPL/src/stm32f30x_usart.o
 .debug_abbrev  0x0000000000000769      0x375 ./Src/30010_io.o
 .debug_abbrev  0x0000000000000ade      0x20b ./Src/ADC.o
 .debug_abbrev  0x0000000000000ce9      0x1ec ./Src/HighScore.o
 .debug_abbrev  0x0000000000000ed5      0x202 ./Src/ansi.o
 .debug_abbrev  0x00000000000010d7       0x59 ./Src/charset.o
 .debug_abbrev  0x0000000000001130      0x277 ./Src/clock.o
 .debug_abbrev  0x00000000000013a7      0x21b ./Src/lcd_write.o
 .debug_abbrev  0x00000000000015c2      0x1ed ./Src/main.o
 .debug_abbrev  0x00000000000017af      0x1d5 ./Src/menu.o
 .debug_abbrev  0x0000000000001984      0x1bf ./Src/screens.o
 .debug_abbrev  0x0000000000001b43      0x206 ./Src/ship.o
 .debug_abbrev  0x0000000000001d49      0x1d9 ./Src/sprites.o
 .debug_abbrev  0x0000000000001f22      0x297 ./Src/syscalls.o
 .debug_abbrev  0x00000000000021b9      0x1e3 ./Src/sysmem.o
 .debug_abbrev  0x000000000000239c      0x154 ./Src/system_stm32f30x.o
 .debug_abbrev  0x00000000000024f0      0x1e0 ./Src/window.o
 .debug_abbrev  0x00000000000026d0       0x12 ./Startup/startup_stm32f302r8tx.o

.debug_aranges  0x0000000000000000      0x9f8
 .debug_aranges
                0x0000000000000000      0x210 ./SPL/src/stm32f30x_adc.o
 .debug_aranges
                0x0000000000000210      0x150 ./SPL/src/stm32f30x_rcc.o
 .debug_aranges
                0x0000000000000360      0x118 ./SPL/src/stm32f30x_spi.o
 .debug_aranges
                0x0000000000000478      0x1a0 ./SPL/src/stm32f30x_usart.o
 .debug_aranges
                0x0000000000000618       0x78 ./Src/30010_io.o
 .debug_aranges
                0x0000000000000690       0x30 ./Src/ADC.o
 .debug_aranges
                0x00000000000006c0       0x28 ./Src/HighScore.o
 .debug_aranges
                0x00000000000006e8       0x68 ./Src/ansi.o
 .debug_aranges
                0x0000000000000750       0x18 ./Src/charset.o
 .debug_aranges
                0x0000000000000768       0x38 ./Src/clock.o
 .debug_aranges
                0x00000000000007a0       0x40 ./Src/lcd_write.o
 .debug_aranges
                0x00000000000007e0       0x20 ./Src/main.o
 .debug_aranges
                0x0000000000000800       0x28 ./Src/menu.o
 .debug_aranges
                0x0000000000000828       0x20 ./Src/screens.o
 .debug_aranges
                0x0000000000000848       0x28 ./Src/ship.o
 .debug_aranges
                0x0000000000000870       0x40 ./Src/sprites.o
 .debug_aranges
                0x00000000000008b0       0xa8 ./Src/syscalls.o
 .debug_aranges
                0x0000000000000958       0x20 ./Src/sysmem.o
 .debug_aranges
                0x0000000000000978       0x30 ./Src/system_stm32f30x.o
 .debug_aranges
                0x00000000000009a8       0x28 ./Src/window.o
 .debug_aranges
                0x00000000000009d0       0x28 ./Startup/startup_stm32f302r8tx.o

.debug_ranges   0x0000000000000000      0x8a8
 .debug_ranges  0x0000000000000000      0x200 ./SPL/src/stm32f30x_adc.o
 .debug_ranges  0x0000000000000200      0x140 ./SPL/src/stm32f30x_rcc.o
 .debug_ranges  0x0000000000000340      0x108 ./SPL/src/stm32f30x_spi.o
 .debug_ranges  0x0000000000000448      0x190 ./SPL/src/stm32f30x_usart.o
 .debug_ranges  0x00000000000005d8       0x68 ./Src/30010_io.o
 .debug_ranges  0x0000000000000640       0x20 ./Src/ADC.o
 .debug_ranges  0x0000000000000660       0x18 ./Src/HighScore.o
 .debug_ranges  0x0000000000000678       0x58 ./Src/ansi.o
 .debug_ranges  0x00000000000006d0       0x28 ./Src/clock.o
 .debug_ranges  0x00000000000006f8       0x30 ./Src/lcd_write.o
 .debug_ranges  0x0000000000000728       0x10 ./Src/main.o
 .debug_ranges  0x0000000000000738       0x18 ./Src/menu.o
 .debug_ranges  0x0000000000000750       0x10 ./Src/screens.o
 .debug_ranges  0x0000000000000760       0x18 ./Src/ship.o
 .debug_ranges  0x0000000000000778       0x30 ./Src/sprites.o
 .debug_ranges  0x00000000000007a8       0x98 ./Src/syscalls.o
 .debug_ranges  0x0000000000000840       0x10 ./Src/sysmem.o
 .debug_ranges  0x0000000000000850       0x20 ./Src/system_stm32f30x.o
 .debug_ranges  0x0000000000000870       0x18 ./Src/window.o
 .debug_ranges  0x0000000000000888       0x20 ./Startup/startup_stm32f302r8tx.o

.debug_macro    0x0000000000000000    0x12316
 .debug_macro   0x0000000000000000      0x1b3 ./SPL/src/stm32f30x_adc.o
 .debug_macro   0x00000000000001b3      0xaba ./SPL/src/stm32f30x_adc.o
 .debug_macro   0x0000000000000c6d       0x7a ./SPL/src/stm32f30x_adc.o
 .debug_macro   0x0000000000000ce7       0x35 ./SPL/src/stm32f30x_adc.o
 .debug_macro   0x0000000000000d1c       0x22 ./SPL/src/stm32f30x_adc.o
 .debug_macro   0x0000000000000d3e       0x8e ./SPL/src/stm32f30x_adc.o
 .debug_macro   0x0000000000000dcc       0x51 ./SPL/src/stm32f30x_adc.o
 .debug_macro   0x0000000000000e1d      0x103 ./SPL/src/stm32f30x_adc.o
 .debug_macro   0x0000000000000f20       0x6a ./SPL/src/stm32f30x_adc.o
 .debug_macro   0x0000000000000f8a      0x1df ./SPL/src/stm32f30x_adc.o
 .debug_macro   0x0000000000001169       0x18 ./SPL/src/stm32f30x_adc.o
 .debug_macro   0x0000000000001181       0x42 ./SPL/src/stm32f30x_adc.o
 .debug_macro   0x00000000000011c3      0x8cb ./SPL/src/stm32f30x_adc.o
 .debug_macro   0x0000000000001a8e     0x769b ./SPL/src/stm32f30x_adc.o
 .debug_macro   0x0000000000009129      0x3c9 ./SPL/src/stm32f30x_adc.o
 .debug_macro   0x00000000000094f2       0x46 ./SPL/src/stm32f30x_adc.o
 .debug_macro   0x0000000000009538      0x231 ./SPL/src/stm32f30x_adc.o
 .debug_macro   0x0000000000009769      0x196 ./SPL/src/stm32f30x_adc.o
 .debug_macro   0x00000000000098ff       0x8e ./SPL/src/stm32f30x_adc.o
 .debug_macro   0x000000000000998d      0x3a8 ./SPL/src/stm32f30x_adc.o
 .debug_macro   0x0000000000009d35      0x114 ./SPL/src/stm32f30x_adc.o
 .debug_macro   0x0000000000009e49      0x1e4 ./SPL/src/stm32f30x_adc.o
 .debug_macro   0x000000000000a02d      0x1b6 ./SPL/src/stm32f30x_adc.o
 .debug_macro   0x000000000000a1e3      0x1df ./SPL/src/stm32f30x_adc.o
 .debug_macro   0x000000000000a3c2      0x29a ./SPL/src/stm32f30x_adc.o
 .debug_macro   0x000000000000a65c       0x70 ./SPL/src/stm32f30x_adc.o
 .debug_macro   0x000000000000a6cc      0x10c ./SPL/src/stm32f30x_adc.o
 .debug_macro   0x000000000000a7d8       0xb8 ./SPL/src/stm32f30x_adc.o
 .debug_macro   0x000000000000a890      0x5c6 ./SPL/src/stm32f30x_adc.o
 .debug_macro   0x000000000000ae56      0x551 ./SPL/src/stm32f30x_adc.o
 .debug_macro   0x000000000000b3a7      0x3ab ./SPL/src/stm32f30x_adc.o
 .debug_macro   0x000000000000b752      0x8d8 ./SPL/src/stm32f30x_adc.o
 .debug_macro   0x000000000000c02a      0x364 ./SPL/src/stm32f30x_adc.o
 .debug_macro   0x000000000000c38e       0x34 ./SPL/src/stm32f30x_adc.o
 .debug_macro   0x000000000000c3c2       0x89 ./SPL/src/stm32f30x_adc.o
 .debug_macro   0x000000000000c44b       0x35 ./SPL/src/stm32f30x_adc.o
 .debug_macro   0x000000000000c480      0x5a6 ./SPL/src/stm32f30x_adc.o
 .debug_macro   0x000000000000ca26      0x238 ./SPL/src/stm32f30x_rcc.o
 .debug_macro   0x000000000000cc5e      0x5c0 ./SPL/src/stm32f30x_rcc.o
 .debug_macro   0x000000000000d21e      0x1b0 ./SPL/src/stm32f30x_spi.o
 .debug_macro   0x000000000000d3ce      0x3a5 ./SPL/src/stm32f30x_spi.o
 .debug_macro   0x000000000000d773      0x1b3 ./SPL/src/stm32f30x_usart.o
 .debug_macro   0x000000000000d926      0x35e ./SPL/src/stm32f30x_usart.o
 .debug_macro   0x000000000000dc84      0x305 ./Src/30010_io.o
 .debug_macro   0x000000000000df89       0x52 ./Src/30010_io.o
 .debug_macro   0x000000000000dfdb       0x18 ./Src/30010_io.o
 .debug_macro   0x000000000000dff3       0x3c ./Src/30010_io.o
 .debug_macro   0x000000000000e02f       0x34 ./Src/30010_io.o
 .debug_macro   0x000000000000e063       0x16 ./Src/30010_io.o
 .debug_macro   0x000000000000e079       0x97 ./Src/30010_io.o
 .debug_macro   0x000000000000e110      0x339 ./Src/30010_io.o
 .debug_macro   0x000000000000e449       0xfd ./Src/30010_io.o
 .debug_macro   0x000000000000e546       0x10 ./Src/30010_io.o
 .debug_macro   0x000000000000e556       0x16 ./Src/30010_io.o
 .debug_macro   0x000000000000e56c       0x43 ./Src/30010_io.o
 .debug_macro   0x000000000000e5af       0x34 ./Src/30010_io.o
 .debug_macro   0x000000000000e5e3       0x10 ./Src/30010_io.o
 .debug_macro   0x000000000000e5f3       0x58 ./Src/30010_io.o
 .debug_macro   0x000000000000e64b       0x71 ./Src/30010_io.o
 .debug_macro   0x000000000000e6bc       0x1c ./Src/30010_io.o
 .debug_macro   0x000000000000e6d8      0x12a ./Src/30010_io.o
 .debug_macro   0x000000000000e802       0x10 ./Src/30010_io.o
 .debug_macro   0x000000000000e812       0x1c ./Src/30010_io.o
 .debug_macro   0x000000000000e82e       0x52 ./Src/30010_io.o
 .debug_macro   0x000000000000e880       0x22 ./Src/30010_io.o
 .debug_macro   0x000000000000e8a2       0x10 ./Src/30010_io.o
 .debug_macro   0x000000000000e8b2       0x40 ./Src/30010_io.o
 .debug_macro   0x000000000000e8f2       0xd5 ./Src/30010_io.o
 .debug_macro   0x000000000000e9c7       0x1c ./Src/30010_io.o
 .debug_macro   0x000000000000e9e3       0x3d ./Src/30010_io.o
 .debug_macro   0x000000000000ea20       0x16 ./Src/30010_io.o
 .debug_macro   0x000000000000ea36      0x145 ./Src/30010_io.o
 .debug_macro   0x000000000000eb7b      0x34c ./Src/ADC.o
 .debug_macro   0x000000000000eec7       0x46 ./Src/ADC.o
 .debug_macro   0x000000000000ef0d       0x16 ./Src/ADC.o
 .debug_macro   0x000000000000ef23       0x35 ./Src/ADC.o
 .debug_macro   0x000000000000ef58       0x16 ./Src/ADC.o
 .debug_macro   0x000000000000ef6e       0x29 ./Src/ADC.o
 .debug_macro   0x000000000000ef97      0x34c ./Src/HighScore.o
 .debug_macro   0x000000000000f2e3      0x315 ./Src/ansi.o
 .debug_macro   0x000000000000f5f8       0x1b ./Src/charset.o
 .debug_macro   0x000000000000f613      0x34c ./Src/clock.o
 .debug_macro   0x000000000000f95f      0x38f ./Src/lcd_write.o
 .debug_macro   0x000000000000fcee       0x16 ./Src/lcd_write.o
 .debug_macro   0x000000000000fd04       0x16 ./Src/lcd_write.o
 .debug_macro   0x000000000000fd1a       0x20 ./Src/lcd_write.o
 .debug_macro   0x000000000000fd3a      0x407 ./Src/main.o
 .debug_macro   0x0000000000010141      0x360 ./Src/menu.o
 .debug_macro   0x00000000000104a1      0x374 ./Src/screens.o
 .debug_macro   0x0000000000010815      0x36a ./Src/ship.o
 .debug_macro   0x0000000000010b7f      0x356 ./Src/sprites.o
 .debug_macro   0x0000000000010ed5      0x24c ./Src/syscalls.o
 .debug_macro   0x0000000000011121       0x4c ./Src/syscalls.o
 .debug_macro   0x000000000001116d       0x94 ./Src/syscalls.o
 .debug_macro   0x0000000000011201       0x57 ./Src/syscalls.o
 .debug_macro   0x0000000000011258      0x174 ./Src/syscalls.o
 .debug_macro   0x00000000000113cc       0x10 ./Src/syscalls.o
 .debug_macro   0x00000000000113dc       0x10 ./Src/syscalls.o
 .debug_macro   0x00000000000113ec       0x10 ./Src/syscalls.o
 .debug_macro   0x00000000000113fc       0x35 ./Src/syscalls.o
 .debug_macro   0x0000000000011431      0x12c ./Src/syscalls.o
 .debug_macro   0x000000000001155d       0x10 ./Src/syscalls.o
 .debug_macro   0x000000000001156d      0x241 ./Src/syscalls.o
 .debug_macro   0x00000000000117ae       0x1c ./Src/syscalls.o
 .debug_macro   0x00000000000117ca       0x10 ./Src/syscalls.o
 .debug_macro   0x00000000000117da      0x189 ./Src/syscalls.o
 .debug_macro   0x0000000000011963       0x16 ./Src/syscalls.o
 .debug_macro   0x0000000000011979       0xce ./Src/syscalls.o
 .debug_macro   0x0000000000011a47      0x1b1 ./Src/sysmem.o
 .debug_macro   0x0000000000011bf8      0x23b ./Src/sysmem.o
 .debug_macro   0x0000000000011e33      0x197 ./Src/system_stm32f30x.o
 .debug_macro   0x0000000000011fca      0x34c ./Src/window.o

.debug_line     0x0000000000000000     0xc604
 .debug_line    0x0000000000000000     0x1154 ./SPL/src/stm32f30x_adc.o
 .debug_line    0x0000000000001154      0xe8d ./SPL/src/stm32f30x_rcc.o
 .debug_line    0x0000000000001fe1      0xc3a ./SPL/src/stm32f30x_spi.o
 .debug_line    0x0000000000002c1b      0xddb ./SPL/src/stm32f30x_usart.o
 .debug_line    0x00000000000039f6      0xc0a ./Src/30010_io.o
 .debug_line    0x0000000000004600      0x995 ./Src/ADC.o
 .debug_line    0x0000000000004f95      0x954 ./Src/HighScore.o
 .debug_line    0x00000000000058e9      0x99a ./Src/ansi.o
 .debug_line    0x0000000000006283       0x85 ./Src/charset.o
 .debug_line    0x0000000000006308      0x993 ./Src/clock.o
 .debug_line    0x0000000000006c9b      0xa64 ./Src/lcd_write.o
 .debug_line    0x00000000000076ff      0x9fc ./Src/main.o
 .debug_line    0x00000000000080fb      0x8fe ./Src/menu.o
 .debug_line    0x00000000000089f9      0x903 ./Src/screens.o
 .debug_line    0x00000000000092fc      0xa2a ./Src/ship.o
 .debug_line    0x0000000000009d26      0x94b ./Src/sprites.o
 .debug_line    0x000000000000a671      0x7fd ./Src/syscalls.o
 .debug_line    0x000000000000ae6e      0x585 ./Src/sysmem.o
 .debug_line    0x000000000000b3f3      0x795 ./Src/system_stm32f30x.o
 .debug_line    0x000000000000bb88      0x9f8 ./Src/window.o
 .debug_line    0x000000000000c580       0x84 ./Startup/startup_stm32f302r8tx.o

.debug_str      0x0000000000000000    0x5b235
 .debug_str     0x0000000000000000    0x53545 ./SPL/src/stm32f30x_adc.o
                                      0x536e9 (size before relaxing)
 .debug_str     0x0000000000053545      0xa54 ./SPL/src/stm32f30x_rcc.o
                                      0x5371d (size before relaxing)
 .debug_str     0x0000000000053f99      0x4c5 ./SPL/src/stm32f30x_spi.o
                                      0x532fa (size before relaxing)
 .debug_str     0x000000000005445e      0x7e8 ./SPL/src/stm32f30x_usart.o
                                      0x535f1 (size before relaxing)
 .debug_str     0x0000000000054c46     0x489e ./Src/30010_io.o
                                      0x5786f (size before relaxing)
 .debug_str     0x00000000000594e4      0x170 ./Src/ADC.o
                                      0x57360 (size before relaxing)
 .debug_str     0x0000000000059654       0x4a ./Src/HighScore.o
                                      0x571f6 (size before relaxing)
 .debug_str     0x000000000005969e       0x74 ./Src/ansi.o
                                      0x570ff (size before relaxing)
 .debug_str     0x0000000000059712       0x2c ./Src/charset.o
                                       0x2e17 (size before relaxing)
 .debug_str     0x000000000005973e      0x125 ./Src/clock.o
                                      0x577ee (size before relaxing)
 .debug_str     0x0000000000059863      0x11b ./Src/lcd_write.o
                                      0x5730c (size before relaxing)
 .debug_str     0x000000000005997e       0xa4 ./Src/main.o
                                      0x57381 (size before relaxing)
 .debug_str     0x0000000000059a22       0x1d ./Src/menu.o
                                      0x571eb (size before relaxing)
 .debug_str     0x0000000000059a3f       0x1f ./Src/screens.o
                                      0x57209 (size before relaxing)
 .debug_str     0x0000000000059a5e       0x29 ./Src/ship.o
                                      0x5722d (size before relaxing)
 .debug_str     0x0000000000059a87       0x5f ./Src/sprites.o
                                      0x5723a (size before relaxing)
 .debug_str     0x0000000000059ae6     0x1660 ./Src/syscalls.o
                                       0x8f0a (size before relaxing)
 .debug_str     0x000000000005b146       0x31 ./Src/sysmem.o
                                       0x7be0 (size before relaxing)
 .debug_str     0x000000000005b177       0x76 ./Src/system_stm32f30x.o
                                      0x52d9f (size before relaxing)
 .debug_str     0x000000000005b1ed       0x17 ./Src/window.o
                                      0x571ce (size before relaxing)
 .debug_str     0x000000000005b204       0x31 ./Startup/startup_stm32f302r8tx.o
                                         0x7a (size before relaxing)

.comment        0x0000000000000000       0x53
 .comment       0x0000000000000000       0x53 ./SPL/src/stm32f30x_adc.o
                                         0x54 (size before relaxing)
 .comment       0x0000000000000053       0x54 ./SPL/src/stm32f30x_rcc.o
 .comment       0x0000000000000053       0x54 ./SPL/src/stm32f30x_spi.o
 .comment       0x0000000000000053       0x54 ./SPL/src/stm32f30x_usart.o
 .comment       0x0000000000000053       0x54 ./Src/30010_io.o
 .comment       0x0000000000000053       0x54 ./Src/ADC.o
 .comment       0x0000000000000053       0x54 ./Src/HighScore.o
 .comment       0x0000000000000053       0x54 ./Src/ansi.o
 .comment       0x0000000000000053       0x54 ./Src/charset.o
 .comment       0x0000000000000053       0x54 ./Src/clock.o
 .comment       0x0000000000000053       0x54 ./Src/lcd_write.o
 .comment       0x0000000000000053       0x54 ./Src/main.o
 .comment       0x0000000000000053       0x54 ./Src/menu.o
 .comment       0x0000000000000053       0x54 ./Src/screens.o
 .comment       0x0000000000000053       0x54 ./Src/ship.o
 .comment       0x0000000000000053       0x54 ./Src/sprites.o
 .comment       0x0000000000000053       0x54 ./Src/syscalls.o
 .comment       0x0000000000000053       0x54 ./Src/sysmem.o
 .comment       0x0000000000000053       0x54 ./Src/system_stm32f30x.o
 .comment       0x0000000000000053       0x54 ./Src/window.o

.debug_frame    0x0000000000000000     0x3244
 .debug_frame   0x0000000000000000      0x9e4 ./SPL/src/stm32f30x_adc.o
 .debug_frame   0x00000000000009e4      0x60c ./SPL/src/stm32f30x_rcc.o
 .debug_frame   0x0000000000000ff0      0x508 ./SPL/src/stm32f30x_spi.o
 .debug_frame   0x00000000000014f8      0x7b0 ./SPL/src/stm32f30x_usart.o
 .debug_frame   0x0000000000001ca8      0x1b4 ./Src/30010_io.o
 .debug_frame   0x0000000000001e5c       0x80 ./Src/ADC.o
 .debug_frame   0x0000000000001edc       0x68 ./Src/HighScore.o
 .debug_frame   0x0000000000001f44      0x160 ./Src/ansi.o
 .debug_frame   0x00000000000020a4       0x9c ./Src/clock.o
 .debug_frame   0x0000000000002140       0xd0 ./Src/lcd_write.o
 .debug_frame   0x0000000000002210       0x30 ./Src/main.o
 .debug_frame   0x0000000000002240       0x5c ./Src/menu.o
 .debug_frame   0x000000000000229c       0x3c ./Src/screens.o
 .debug_frame   0x00000000000022d8       0x5c ./Src/ship.o
 .debug_frame   0x0000000000002334       0xc4 ./Src/sprites.o
 .debug_frame   0x00000000000023f8      0x2ac ./Src/syscalls.o
 .debug_frame   0x00000000000026a4       0x34 ./Src/sysmem.o
 .debug_frame   0x00000000000026d8       0x74 ./Src/system_stm32f30x.o
 .debug_frame   0x000000000000274c       0x5c ./Src/window.o
 .debug_frame   0x00000000000027a8       0x20 c:/st/stm32cubeide_1.8.0/stm32cubeide/plugins/com.st.stm32cube.ide.mcu.externaltools.gnu-tools-for-stm32.9-2020-q2-update.win32_2.0.0.202105311346/tools/bin/../lib/gcc/arm-none-eabi/9.3.1/../../../../arm-none-eabi/lib/thumb/v7e-m+fp/hard\libc_nano.a(lib_a-errno.o)
 .debug_frame   0x00000000000027c8       0x2c c:/st/stm32cubeide_1.8.0/stm32cubeide/plugins/com.st.stm32cube.ide.mcu.externaltools.gnu-tools-for-stm32.9-2020-q2-update.win32_2.0.0.202105311346/tools/bin/../lib/gcc/arm-none-eabi/9.3.1/../../../../arm-none-eabi/lib/thumb/v7e-m+fp/hard\libc_nano.a(lib_a-init.o)
 .debug_frame   0x00000000000027f4       0x20 c:/st/stm32cubeide_1.8.0/stm32cubeide/plugins/com.st.stm32cube.ide.mcu.externaltools.gnu-tools-for-stm32.9-2020-q2-update.win32_2.0.0.202105311346/tools/bin/../lib/gcc/arm-none-eabi/9.3.1/../../../../arm-none-eabi/lib/thumb/v7e-m+fp/hard\libc_nano.a(lib_a-memset.o)
 .debug_frame   0x0000000000002814       0x74 c:/st/stm32cubeide_1.8.0/stm32cubeide/plugins/com.st.stm32cube.ide.mcu.externaltools.gnu-tools-for-stm32.9-2020-q2-update.win32_2.0.0.202105311346/tools/bin/../lib/gcc/arm-none-eabi/9.3.1/../../../../arm-none-eabi/lib/thumb/v7e-m+fp/hard\libc_nano.a(lib_a-printf.o)
 .debug_frame   0x0000000000002888       0x50 c:/st/stm32cubeide_1.8.0/stm32cubeide/plugins/com.st.stm32cube.ide.mcu.externaltools.gnu-tools-for-stm32.9-2020-q2-update.win32_2.0.0.202105311346/tools/bin/../lib/gcc/arm-none-eabi/9.3.1/../../../../arm-none-eabi/lib/thumb/v7e-m+fp/hard\libc_nano.a(lib_a-putchar.o)
 .debug_frame   0x00000000000028d8       0x20 c:/st/stm32cubeide_1.8.0/stm32cubeide/plugins/com.st.stm32cube.ide.mcu.externaltools.gnu-tools-for-stm32.9-2020-q2-update.win32_2.0.0.202105311346/tools/bin/../lib/gcc/arm-none-eabi/9.3.1/../../../../arm-none-eabi/lib/thumb/v7e-m+fp/hard\libc_nano.a(lib_a-setbuf.o)
 .debug_frame   0x00000000000028f8       0x38 c:/st/stm32cubeide_1.8.0/stm32cubeide/plugins/com.st.stm32cube.ide.mcu.externaltools.gnu-tools-for-stm32.9-2020-q2-update.win32_2.0.0.202105311346/tools/bin/../lib/gcc/arm-none-eabi/9.3.1/../../../../arm-none-eabi/lib/thumb/v7e-m+fp/hard\libc_nano.a(lib_a-setvbuf.o)
 .debug_frame   0x0000000000002930       0x6c c:/st/stm32cubeide_1.8.0/stm32cubeide/plugins/com.st.stm32cube.ide.mcu.externaltools.gnu-tools-for-stm32.9-2020-q2-update.win32_2.0.0.202105311346/tools/bin/../lib/gcc/arm-none-eabi/9.3.1/../../../../arm-none-eabi/lib/thumb/v7e-m+fp/hard\libc_nano.a(lib_a-sprintf.o)
 .debug_frame   0x000000000000299c       0x5c c:/st/stm32cubeide_1.8.0/stm32cubeide/plugins/com.st.stm32cube.ide.mcu.externaltools.gnu-tools-for-stm32.9-2020-q2-update.win32_2.0.0.202105311346/tools/bin/../lib/gcc/arm-none-eabi/9.3.1/../../../../arm-none-eabi/lib/thumb/v7e-m+fp/hard\libc_nano.a(lib_a-fflush.o)
 .debug_frame   0x00000000000029f8      0x14c c:/st/stm32cubeide_1.8.0/stm32cubeide/plugins/com.st.stm32cube.ide.mcu.externaltools.gnu-tools-for-stm32.9-2020-q2-update.win32_2.0.0.202105311346/tools/bin/../lib/gcc/arm-none-eabi/9.3.1/../../../../arm-none-eabi/lib/thumb/v7e-m+fp/hard\libc_nano.a(lib_a-findfp.o)